Component: ARM Compiler 5.06 update 6 (build 750) Tool: armlink [4d35ed]

==============================================================================

Section Cross References

    main.o(i.main) refers to rt_cmsis.o(i.osKernelInitialize) for osKernelInitialize
    main.o(i.main) refers to display_part12.o(i.Main_Menu) for Main_Menu
    main.o(i.main) refers to rt_cmsis.o(i.osKernelStart) for osKernelStart
    glcd_spi_lpc1700.o(i.GLCD_Bargraph) refers to glcd_spi_lpc1700.o(i.GLCD_SetWindow) for GLCD_SetWindow
    glcd_spi_lpc1700.o(i.GLCD_Bargraph) refers to glcd_spi_lpc1700.o(i.wr_cmd) for wr_cmd
    glcd_spi_lpc1700.o(i.GLCD_Bargraph) refers to glcd_spi_lpc1700.o(i.wr_dat_start) for wr_dat_start
    glcd_spi_lpc1700.o(i.GLCD_Bargraph) refers to glcd_spi_lpc1700.o(i.wr_dat_only) for wr_dat_only
    glcd_spi_lpc1700.o(i.GLCD_Bargraph) refers to glcd_spi_lpc1700.o(i.wr_dat_stop) for wr_dat_stop
    glcd_spi_lpc1700.o(i.GLCD_Bargraph) refers to glcd_spi_lpc1700.o(.data) for Color
    glcd_spi_lpc1700.o(i.GLCD_Bitmap) refers to glcd_spi_lpc1700.o(i.GLCD_SetWindow) for GLCD_SetWindow
    glcd_spi_lpc1700.o(i.GLCD_Bitmap) refers to glcd_spi_lpc1700.o(i.wr_cmd) for wr_cmd
    glcd_spi_lpc1700.o(i.GLCD_Bitmap) refers to glcd_spi_lpc1700.o(i.wr_dat_start) for wr_dat_start
    glcd_spi_lpc1700.o(i.GLCD_Bitmap) refers to glcd_spi_lpc1700.o(i.wr_dat_only) for wr_dat_only
    glcd_spi_lpc1700.o(i.GLCD_Bitmap) refers to glcd_spi_lpc1700.o(i.wr_dat_stop) for wr_dat_stop
    glcd_spi_lpc1700.o(i.GLCD_Clear) refers to glcd_spi_lpc1700.o(i.GLCD_WindowMax) for GLCD_WindowMax
    glcd_spi_lpc1700.o(i.GLCD_Clear) refers to glcd_spi_lpc1700.o(i.wr_cmd) for wr_cmd
    glcd_spi_lpc1700.o(i.GLCD_Clear) refers to glcd_spi_lpc1700.o(i.wr_dat_start) for wr_dat_start
    glcd_spi_lpc1700.o(i.GLCD_Clear) refers to glcd_spi_lpc1700.o(i.wr_dat_only) for wr_dat_only
    glcd_spi_lpc1700.o(i.GLCD_Clear) refers to glcd_spi_lpc1700.o(i.wr_dat_stop) for wr_dat_stop
    glcd_spi_lpc1700.o(i.GLCD_ClearLn) refers to glcd_spi_lpc1700.o(i.GLCD_WindowMax) for GLCD_WindowMax
    glcd_spi_lpc1700.o(i.GLCD_ClearLn) refers to glcd_spi_lpc1700.o(i.GLCD_DisplayString) for GLCD_DisplayString
    glcd_spi_lpc1700.o(i.GLCD_DisplayChar) refers to glcd_spi_lpc1700.o(i.GLCD_DrawChar) for GLCD_DrawChar
    glcd_spi_lpc1700.o(i.GLCD_DisplayChar) refers to glcd_spi_lpc1700.o(.constdata) for Font_6x8_h
    glcd_spi_lpc1700.o(i.GLCD_DisplayString) refers to glcd_spi_lpc1700.o(i.GLCD_DisplayChar) for GLCD_DisplayChar
    glcd_spi_lpc1700.o(i.GLCD_DrawChar) refers to glcd_spi_lpc1700.o(i.GLCD_SetWindow) for GLCD_SetWindow
    glcd_spi_lpc1700.o(i.GLCD_DrawChar) refers to glcd_spi_lpc1700.o(i.wr_cmd) for wr_cmd
    glcd_spi_lpc1700.o(i.GLCD_DrawChar) refers to glcd_spi_lpc1700.o(i.wr_dat_start) for wr_dat_start
    glcd_spi_lpc1700.o(i.GLCD_DrawChar) refers to glcd_spi_lpc1700.o(i.wr_dat_only) for wr_dat_only
    glcd_spi_lpc1700.o(i.GLCD_DrawChar) refers to glcd_spi_lpc1700.o(i.wr_dat_stop) for wr_dat_stop
    glcd_spi_lpc1700.o(i.GLCD_DrawChar) refers to glcd_spi_lpc1700.o(.data) for Color
    glcd_spi_lpc1700.o(i.GLCD_Init) refers to glcd_spi_lpc1700.o(i.rd_id_man) for rd_id_man
    glcd_spi_lpc1700.o(i.GLCD_Init) refers to glcd_spi_lpc1700.o(i.rd_reg) for rd_reg
    glcd_spi_lpc1700.o(i.GLCD_Init) refers to glcd_spi_lpc1700.o(i.wr_reg) for wr_reg
    glcd_spi_lpc1700.o(i.GLCD_Init) refers to glcd_spi_lpc1700.o(i.delay) for delay
    glcd_spi_lpc1700.o(i.GLCD_Init) refers to glcd_spi_lpc1700.o(.data) for Himax
    glcd_spi_lpc1700.o(i.GLCD_PutPixel) refers to glcd_spi_lpc1700.o(i.wr_reg) for wr_reg
    glcd_spi_lpc1700.o(i.GLCD_PutPixel) refers to glcd_spi_lpc1700.o(i.wr_cmd) for wr_cmd
    glcd_spi_lpc1700.o(i.GLCD_PutPixel) refers to glcd_spi_lpc1700.o(i.wr_dat) for wr_dat
    glcd_spi_lpc1700.o(i.GLCD_PutPixel) refers to glcd_spi_lpc1700.o(.data) for Himax
    glcd_spi_lpc1700.o(i.GLCD_SetBackColor) refers to glcd_spi_lpc1700.o(.data) for Color
    glcd_spi_lpc1700.o(i.GLCD_SetTextColor) refers to glcd_spi_lpc1700.o(.data) for Color
    glcd_spi_lpc1700.o(i.GLCD_SetWindow) refers to glcd_spi_lpc1700.o(i.wr_reg) for wr_reg
    glcd_spi_lpc1700.o(i.GLCD_SetWindow) refers to glcd_spi_lpc1700.o(.data) for Himax
    glcd_spi_lpc1700.o(i.GLCD_WindowMax) refers to glcd_spi_lpc1700.o(i.GLCD_SetWindow) for GLCD_SetWindow
    glcd_spi_lpc1700.o(i.GLCD_WrCmd) refers to glcd_spi_lpc1700.o(i.wr_cmd) for wr_cmd
    glcd_spi_lpc1700.o(i.GLCD_WrReg) refers to glcd_spi_lpc1700.o(i.wr_reg) for wr_reg
    glcd_spi_lpc1700.o(i.rd_id_man) refers to glcd_spi_lpc1700.o(i.spi_tran_man) for spi_tran_man
    glcd_spi_lpc1700.o(i.rd_reg) refers to glcd_spi_lpc1700.o(i.wr_cmd) for wr_cmd
    glcd_spi_lpc1700.o(i.rd_reg) refers to glcd_spi_lpc1700.o(i.spi_tran) for spi_tran
    glcd_spi_lpc1700.o(i.spi_tran_man) refers to glcd_spi_lpc1700.o(i.delay) for delay
[...]
    i.GPIO_PinWrite                          0x00000d0c   Section        0  gpio_lpc17xx.o(i.GPIO_PinWrite)
    i.GPIO_PortClock                         0x00000d34   Section        0  gpio_lpc17xx.o(i.GPIO_PortClock)
    i.GPIO_SetDir                            0x00000d60   Section        0  gpio_lpc17xx.o(i.GPIO_SetDir)
    i.Game                                   0x00000d98   Section        0  display_part12.o(i.Game)
    i.GameMain                               0x00000da0   Section        0  gamemain.o(i.GameMain)
    i.Imagedisplay                           0x00000f30   Section        0  display_part12.o(i.Imagedisplay)
    i.Joystick_GetState                      0x00001064   Section        0  joystick_mcb1700.o(i.Joystick_GetState)
    i.Joystick_Initialize                    0x000010c0   Section        0  joystick_mcb1700.o(i.Joystick_Initialize)
    i.LED_Initialize                         0x00001108   Section        0  led_mcb1700.o(i.LED_Initialize)
    i.LED_Off                                0x00001164   Section        0  led_mcb1700.o(i.LED_Off)
    i.LED_On                                 0x00001190   Section        0  led_mcb1700.o(i.LED_On)
    i.MP3_Player                             0x000011bc   Section        0  display_part12.o(i.MP3_Player)
    i.Main_Menu                              0x00001280   Section        0  display_part12.o(i.Main_Menu)
    i.NVIC_DisableIRQ                        0x0000150c   Section        0  gamemain.o(i.NVIC_DisableIRQ)
    NVIC_DisableIRQ                          0x0000150d   Thumb Code    18  gamemain.o(i.NVIC_DisableIRQ)
    i.PIN_Configure                          0x00001524   Section        0  pin_lpc17xx.o(i.PIN_Configure)
    i.RdCmdDat                               0x00001620   Section        0  usbhw.o(i.RdCmdDat)
    i.SystemCoreClockUpdate                  0x00001650   Section        0  system_lpc17xx.o(i.SystemCoreClockUpdate)
    i.SystemInit                             0x000017f8   Section        0  system_lpc17xx.o(i.SystemInit)
    i.TIMER0_IRQHandler                      0x00001938   Section        0  usbdmain.o(i.TIMER0_IRQHandler)
    i.TIMER1_IRQHandler                      0x00001ac0   Section        0  gamemain.o(i.TIMER1_IRQHandler)
    i.USB_ClrStallEP                         0x00001bf8   Section        0  usbhw.o(i.USB_ClrStallEP)
    i.USB_ConfigEP                           0x00001c18   Section        0  usbhw.o(i.USB_ConfigEP)
    i.USB_Configure                          0x00001c64   Section        0  usbhw.o(i.USB_Configure)
    i.USB_Connect                            0x00001ca8   Section        0  usbhw.o(i.USB_Connect)
    i.USB_DMA_BufAdr                         0x00001cc8   Section        0  usbhw.o(i.USB_DMA_BufAdr)
    i.USB_DMA_Enable                         0x00001cec   Section        0  usbhw.o(i.USB_DMA_Enable)
    i.USB_DMA_Setup                          0x00001d04   Section        0  usbhw.o(i.USB_DMA_Setup)
    i.USB_DataInStage                        0x00001e10   Section        0  usbcore.o(i.USB_DataInStage)
    i.USB_DataOutStage                       0x00001e48   Section        0  usbcore.o(i.USB_DataOutStage)
    i.USB_DirCtrlEP                          0x00001e70   Section        0  usbhw.o(i.USB_DirCtrlEP)
    i.USB_DisableEP                          0x00001e74   Section        0  usbhw.o(i.USB_DisableEP)
    i.USB_EnableEP                           0x00001e98   Section        0  usbhw.o(i.USB_EnableEP)
    i.USB_EndPoint0                          0x00001eb8   Section        0  usbcore.o(i.USB_EndPoint0)
    i.USB_EndPoint3                          0x00002168   Section        0  usbuser.o(i.USB_EndPoint3)
    i.USB_IRQHandler                         0x00002220   Section        0  usbhw.o(i.USB_IRQHandler)
    i.USB_Init                               0x0000243c   Section        0  usbhw.o(i.USB_Init)
    i.USB_ReadEP                             0x000024dc   Section        0  usbhw.o(i.USB_ReadEP)
    i.USB_ReqGetConfiguration                0x00002548   Section        0  usbcore.o(i.USB_ReqGetConfiguration)
    i.USB_ReqGetDescriptor                   0x00002570   Section        0  usbcore.o(i.USB_ReqGetDescriptor)
    i.USB_ReqGetInterface                    0x00002628   Section        0  usbcore.o(i.USB_ReqGetInterface)
    i.USB_ReqGetStatus                       0x00002678   Section        0  usbcore.o(i.USB_ReqGetStatus)
    i.USB_ReqSetAddress                      0x00002738   Section        0  usbcore.o(i.USB_ReqSetAddress)
    i.USB_ReqSetClrFeature                   0x00002764   Section        0  usbcore.o(i.USB_ReqSetClrFeature)
    i.USB_ReqSetConfiguration                0x00002850   Section        0  usbcore.o(i.USB_ReqSetConfiguration)
    i.USB_ReqSetInterface                    0x00002a08   Section        0  usbcore.o(i.USB_ReqSetInterface)
    i.USB_Reset                              0x00002b38   Section        0  usbhw.o(i.USB_Reset)
    i.USB_ResetCore                          0x00002bfc   Section        0  usbcore.o(i.USB_ResetCore)
    i.USB_ResetEP                            0x00002c38   Section        0  usbhw.o(i.USB_ResetEP)
    i.USB_Reset_Event                        0x00002c58   Section        0  usbuser.o(i.USB_Reset_Event)
    i.USB_Resume                             0x00002c60   Section        0  usbhw.o(i.USB_Resume)
    i.USB_SOF_Event                          0x00002c62   Section        0  usbuser.o(i.USB_SOF_Event)
    i.USB_SetAddress                         0x00002c64   Section        0  usbhw.o(i.USB_SetAddress)
    i.USB_SetStallEP                         0x00002c94   Section        0  usbhw.o(i.USB_SetStallEP)
    i.USB_SetupStage                         0x00002cb8   Section        0  usbcore.o(i.USB_SetupStage)
    i.USB_StatusInStage                      0x00002cc8   Section        0  usbcore.o(i.USB_StatusInStage)
    i.USB_StatusOutStage                     0x00002cd8   Section        0  usbcore.o(i.USB_StatusOutStage)
    i.USB_Suspend                            0x00002ce8   Section        0  usbhw.o(i.USB_Suspend)
    i.USB_WakeUpCfg                          0x00002cea   Section        0  usbhw.o(i.USB_WakeUpCfg)
    i.USB_WriteEP                            0x00002cec   Section        0  usbhw.o(i.USB_WriteEP)
    i.WrCmd                                  0x00002d40   Section        0  usbhw.o(i.WrCmd)
    i.WrCmdDat                               0x00002d68   Section        0  usbhw.o(i.WrCmdDat)
    i.WrCmdEP                                0x00002dac   Section        0  usbhw.o(i.WrCmdEP)
    i.__0sprintf$1                           0x00002e04   Section        0  printf1.o(i.__0sprintf$1)
    i.__scatterload_copy                     0x00002e2c   Section       14  handlers.o(i.__scatterload_copy)
    i.__scatterload_null                     0x00002e3a   Section        2  handlers.o(i.__scatterload_null)
    i.__scatterload_zeroinit                 0x00002e3c   Section       14  handlers.o(i.__scatterload_zeroinit)
    i._init_box                              0x00002e4a   Section        0  rt_membox.o(i._init_box)
    i._printf_core                           0x00002e90   Section        0  printf1.o(i._printf_core)
    _printf_core                             0x00002e91   Thumb Code   336  printf1.o(i._printf_core)
    i._sputc                                 0x00002fe4   Section        0  printf1.o(i._sputc)
    _sputc                                   0x00002fe5   Thumb Code    10  printf1.o(i._sputc)
    i.check_input                            0x00002ff0   Section        0  gamemain.o(i.check_input)
    i.create_background                      0x000030a8   Section        0  gamemain.o(i.create_background)
    i.dbg_init                               0x00003174   Section        0  hal_cm.o(i.dbg_init)
    i.dbg_task_notify                        0x000031a4   Section        0  hal_cm.o(i.dbg_task_notify)
    i.dbg_task_switch                        0x000031c4   Section        0  hal_cm.o(i.dbg_task_switch)
    i.delay                                  0x000031d4   Section        0  glcd_spi_lpc1700.o(i.delay)
    delay                                    0x000031d5   Thumb Code    14  glcd_spi_lpc1700.o(i.delay)
    i.delay                                  0x000031e2   Section        0  display_part12.o(i.delay)
    i.get_potval                             0x00003208   Section        0  usbdmain.o(i.get_potval)
    i.init_game                              0x0000324c   Section        0  gamemain.o(i.init_game)
    i.isrMessageGet                          0x00003298   Section        0  rt_cmsis.o(i.isrMessageGet)
    i.isrMessagePut                          0x000032c2   Section        0  rt_cmsis.o(i.isrMessagePut)
    i.isr_mbx_receive                        0x000032f0   Section        0  rt_mailbox.o(i.isr_mbx_receive)
    i.isr_mbx_send                           0x00003346   Section        0  rt_mailbox.o(i.isr_mbx_send)
    i.main                                   0x00003354   Section        0  main.o(i.main)
    i.move_notes                             0x00003368   Section        0  gamemain.o(i.move_notes)
    i.mp3                                    0x0000339c   Section        0  usbdmain.o(i.mp3)
    i.osKernelInitialize                     0x00003470   Section        0  rt_cmsis.o(i.osKernelInitialize)
    i.osKernelStart                          0x00003494   Section        0  rt_cmsis.o(i.osKernelStart)
    i.osMessageGet                           0x00003500   Section        0  rt_cmsis.o(i.osMessageGet)
    i.osThreadCreate                         0x00003518   Section        0  rt_cmsis.o(i.osThreadCreate)
    i.osThreadExit                           0x00003544   Section        0  rt_cmsis.o(i.osThreadExit)
    i.osTimerCall                            0x0000355c   Section        0  rt_cmsis.o(i.osTimerCall)
    i.osTimerThread                          0x00003568   Section        0  rt_cmsis.o(i.osTimerThread)
    i.os_error                               0x00003594   Section        0  rtx_conf_cm.o(i.os_error)
    i.os_idle_demon                          0x000035b6   Section        0  rtx_conf_cm.o(i.os_idle_demon)
    i.os_tick_init                           0x000035bc   Section        0  rt_system.o(i.os_tick_init)
    i.os_tick_irqack                         0x000035e4   Section        0  rt_system.o(i.os_tick_irqack)
    i.rd_id_man                              0x000035e8   Section        0  glcd_spi_lpc1700.o(i.rd_id_man)
    rd_id_man                                0x000035e9   Thumb Code   132  glcd_spi_lpc1700.o(i.rd_id_man)
    i.rd_reg                                 0x00003674   Section        0  glcd_spi_lpc1700.o(i.rd_reg)
    rd_reg                                   0x00003675   Thumb Code    66  glcd_spi_lpc1700.o(i.rd_reg)
    i.rt_alloc_box                           0x000036bc   Section        0  rt_membox.o(i.rt_alloc_box)
    i.rt_alloc_mem                           0x000036d6   Section        0  rt_memory.o(i.rt_alloc_mem)
    i.rt_block                               0x00003714   Section        0  rt_task.o(i.rt_block)
    i.rt_chk_robin                           0x0000374c   Section        0  rt_robin.o(i.rt_chk_robin)
    i.rt_dec_dly                             0x00003794   Section        0  rt_list.o(i.rt_dec_dly)
    i.rt_dispatch                            0x00003804   Section        0  rt_task.o(i.rt_dispatch)
    i.rt_evt_psh                             0x00003848   Section        0  rt_event.o(i.rt_evt_psh)
    i.rt_free_box                            0x00003898   Section        0  rt_membox.o(i.rt_free_box)
    i.rt_free_mem                            0x000038c4   Section        0  rt_memory.o(i.rt_free_mem)
    i.rt_get_first                           0x000038ec   Section        0  rt_list.o(i.rt_get_first)
    i.rt_id2obj                              0x00003914   Section        0  rt_cmsis.o(i.rt_id2obj)
    rt_id2obj                                0x00003915   Thumb Code     8  rt_cmsis.o(i.rt_id2obj)
    i.rt_init_context                        0x0000391c   Section        0  rt_task.o(i.rt_init_context)
    rt_init_context                          0x0000391d   Thumb Code    66  rt_task.o(i.rt_init_context)
    i.rt_init_mem                            0x00003964   Section        0  rt_memory.o(i.rt_init_mem)
    i.rt_init_robin                          0x00003980   Section        0  rt_robin.o(i.rt_init_robin)
    i.rt_init_stack                          0x00003998   Section        0  hal_cm.o(i.rt_init_stack)
    i.rt_mbx_check                           0x00003a18   Section        0  rt_mailbox.o(i.rt_mbx_check)
    i.rt_mbx_init                            0x00003a20   Section        0  rt_mailbox.o(i.rt_mbx_init)
    i.rt_mbx_psh                             0x00003a3c   Section        0  rt_mailbox.o(i.rt_mbx_psh)
    i.rt_mbx_wait                            0x00003b2c   Section        0  rt_mailbox.o(i.rt_mbx_wait)
    i.rt_ms2tick                             0x00003be0   Section        0  rt_cmsis.o(i.rt_ms2tick)
    rt_ms2tick                               0x00003be1   Thumb Code    58  rt_cmsis.o(i.rt_ms2tick)
    i.rt_pop_req                             0x00003c24   Section        0  rt_system.o(i.rt_pop_req)
    i.rt_psh_req                             0x00003ca0   Section        0  rt_system.o(i.rt_psh_req)
    i.rt_psq_enq                             0x00003cc0   Section        0  rt_list.o(i.rt_psq_enq)
    i.rt_put_dly                             0x00003d1c   Section        0  rt_list.o(i.rt_put_dly)
    i.rt_put_prio                            0x00003d64   Section        0  rt_list.o(i.rt_put_prio)
    i.rt_put_rdy_first                       0x00003d9c   Section        0  rt_list.o(i.rt_put_rdy_first)
    i.rt_resort_prio                         0x00003db0   Section        0  rt_list.o(i.rt_resort_prio)
    i.rt_ret_val                             0x00003de4   Section        0  hal_cm.o(i.rt_ret_val)
    i.rt_ret_val2                            0x00003dea   Section        0  hal_cm.o(i.rt_ret_val2)
    i.rt_rmv_dly                             0x00003df2   Section        0  rt_list.o(i.rt_rmv_dly)
    i.rt_rmv_list                            0x00003e1c   Section        0  rt_list.o(i.rt_rmv_list)
    i.rt_sem_psh                             0x00003e4c   Section        0  rt_semaphore.o(i.rt_sem_psh)
    i.rt_stk_check                           0x00003e80   Section        0  rt_system.o(i.rt_stk_check)
    i.rt_switch_req                          0x00003ea4   Section        0  rt_task.o(i.rt_switch_req)
    i.rt_sys_init                            0x00003ecc   Section        0  rt_task.o(i.rt_sys_init)
    i.rt_sys_start                           0x00003f98   Section        0  rt_task.o(i.rt_sys_start)
    i.rt_systick                             0x00004010   Section        0  rt_system.o(i.rt_systick)
    i.rt_tid2ptcb                            0x00004050   Section        0  rt_cmsis.o(i.rt_tid2ptcb)
    rt_tid2ptcb                              0x00004051   Thumb Code    18  rt_cmsis.o(i.rt_tid2ptcb)
    i.rt_timer_insert                        0x00004064   Section        0  rt_cmsis.o(i.rt_timer_insert)
    rt_timer_insert                          0x00004065   Thumb Code    48  rt_cmsis.o(i.rt_timer_insert)
    i.rt_tsk_create                          0x00004098   Section        0  rt_task.o(i.rt_tsk_create)
    i.rt_tsk_delete                          0x00004120   Section        0  rt_task.o(i.rt_tsk_delete)
    i.rt_tsk_prio                            0x0000429c   Section        0  rt_task.o(i.rt_tsk_prio)
    i.rt_tsk_self                            0x00004318   Section        0  rt_task.o(i.rt_tsk_self)
    i.setup_Timer                            0x00004328   Section        0  gamemain.o(i.setup_Timer)
    i.spawn_notes                            0x00004380   Section        0  gamemain.o(i.spawn_notes)
    i.spi_tran                               0x000043e4   Section        0  glcd_spi_lpc1700.o(i.spi_tran)
    spi_tran                                 0x000043e5   Thumb Code    28  glcd_spi_lpc1700.o(i.spi_tran)
    i.spi_tran_man                           0x00004404   Section        0  glcd_spi_lpc1700.o(i.spi_tran_man)
    spi_tran_man                             0x00004405   Thumb Code   124  glcd_spi_lpc1700.o(i.spi_tran_man)
    i.svcKernelInitialize                    0x00004484   Section        0  rt_cmsis.o(i.svcKernelInitialize)
    i.svcKernelStart                         0x000044f4   Section        0  rt_cmsis.o(i.svcKernelStart)
    i.svcMessageCreate                       0x0000453c   Section        0  rt_cmsis.o(i.svcMessageCreate)
    i.svcMessageGet                          0x00004560   Section        0  rt_cmsis.o(i.svcMessageGet)
    i.svcThreadCreate                        0x0000459c   Section        0  rt_cmsis.o(i.svcThreadCreate)
    i.svcThreadGetId                         0x00004608   Section        0  rt_cmsis.o(i.svcThreadGetId)
    i.svcThreadTerminate                     0x00004624   Section        0  rt_cmsis.o(i.svcThreadTerminate)
    i.svcTimerCall                           0x0000465c   Section        0  rt_cmsis.o(i.svcTimerCall)
    i.sysTimerTick                           0x00004674   Section        0  rt_cmsis.o(i.sysTimerTick)
    i.wr_cmd                                 0x000046d0   Section        0  glcd_spi_lpc1700.o(i.wr_cmd)
    wr_cmd                                   0x000046d1   Thumb Code    36  glcd_spi_lpc1700.o(i.wr_cmd)
    i.wr_dat                                 0x000046f8   Section        0  glcd_spi_lpc1700.o(i.wr_dat)
    wr_dat                                   0x000046f9   Thumb Code    36  glcd_spi_lpc1700.o(i.wr_dat)
    i.wr_dat_only                            0x00004720   Section        0  glcd_spi_lpc1700.o(i.wr_dat_only)
    wr_dat_only                              0x00004721   Thumb Code    18  glcd_spi_lpc1700.o(i.wr_dat_only)
    i.wr_dat_start                           0x00004734   Section        0  glcd_spi_lpc1700.o(i.wr_dat_start)
    wr_dat_start                             0x00004735   Thumb Code    16  glcd_spi_lpc1700.o(i.wr_dat_start)
    i.wr_dat_stop                            0x00004748   Section        0  glcd_spi_lpc1700.o(i.wr_dat_stop)
    wr_dat_stop                              0x00004749   Thumb Code     8  glcd_spi_lpc1700.o(i.wr_dat_stop)
    i.wr_reg                                 0x00004754   Section        0  glcd_spi_lpc1700.o(i.wr_reg)
    wr_reg                                   0x00004755   Thumb Code    20  glcd_spi_lpc1700.o(i.wr_reg)
    .constdata                               0x00004768   Section     6272  glcd_spi_lpc1700.o(.constdata)
    .constdata                               0x00005fe8   Section    202508  display_part12.o(.constdata)
    KURU0_pixel_data                         0x00005fe8   Data       39201  display_part12.o(.constdata)
    KURU1_pixel_data                         0x0000f909   Data       31921  display_part12.o(.constdata)
    KURU2_pixel_data                         0x000175ba   Data       31921  display_part12.o(.constdata)
    KURU3_pixel_data                         0x0001f26b   Data       32201  display_part12.o(.constdata)
    KURU4_pixel_data                         0x00027034   Data       32201  display_part12.o(.constdata)
    KURU5_pixel_data                         0x0002edfd   Data       35001  display_part12.o(.constdata)
    .constdata                               0x000376f4   Section      228  usbdesc.o(.constdata)
    .constdata                               0x000377d8   Section       16  usbhw.o(.constdata)
    .constdata                               0x000377e8   Section       64  usbuser.o(.constdata)
    .constdata                               0x00037828   Section    28612  gamemain.o(.constdata)
    NOTESBAR_pixel_data                      0x00037828   Data        3901  gamemain.o(.constdata)
    NOTES1_pixel_data                        0x00038765   Data        3901  gamemain.o(.constdata)
    NOTES_pixel_data                         0x000396a2   Data       16901  gamemain.o(.constdata)
    CLEARNOTES_pixel_data                    0x0003d8a7   Data        3901  gamemain.o(.constdata)
    .constdata                               0x0003e7ec   Section       10  joystick_mcb1700.o(.constdata)
    JOYSTICK_PIN                             0x0003e7ec   Data          10  joystick_mcb1700.o(.constdata)
    .constdata                               0x0003e7f6   Section       16  led_mcb1700.o(.constdata)
    LED_PIN                                  0x0003e7f6   Data          16  led_mcb1700.o(.constdata)
    .constdata                               0x0003e808   Section      104  rtx_conf_cm.o(.constdata)
    __tagsym$$used                           0x0003e824   Number         0  rtx_conf_cm.o(.constdata)
    __tagsym$$used                           0x0003e828   Number         0  rtx_conf_cm.o(.constdata)
    __tagsym$$used                           0x0003e82c   Number         0  rtx_conf_cm.o(.constdata)
    __tagsym$$used                           0x0003e830   Number         0  rtx_conf_cm.o(.constdata)
    .bss                                     0x10000000   Section     2216  rtx_conf_cm.o(.bss)
    .data                                    0x2007c000   Section        5  glcd_spi_lpc1700.o(.data)
    Color                                    0x2007c000   Data           4  glcd_spi_lpc1700.o(.data)
    Himax                                    0x2007c004   Data           1  glcd_spi_lpc1700.o(.data)
    .data                                    0x2007c008   Section       40  usbcore.o(.data)
    .data                                    0x2007c030   Section       44  usbdmain.o(.data)
    .data                                    0x2007c05c   Section        8  usbhw.o(.data)
    .data                                    0x2007c064   Section        2  adcuser.o(.data)
    .data                                    0x2007c068   Section       16  gamemain.o(.data)
    .data                                    0x2007c078   Section       16  rtx_conf_cm.o(.data)
    .data                                    0x2007c088   Section        4  system_lpc17xx.o(.data)
    .data                                    0x2007c08c   Section        8  rt_cmsis.o(.data)
    .data                                    0x2007c094   Section        8  rt_task.o(.data)
    .data                                    0x2007c09c   Section        8  rt_system.o(.data)
    os_lock                                  0x2007c09c   Data           1  rt_system.o(.data)
    os_psh_flag                              0x2007c09d   Data           1  rt_system.o(.data)
    pend_flags                               0x2007c09e   Data           1  rt_system.o(.data)
    .data                                    0x2007c0a4   Section        4  rt_time.o(.data)
    .data                                    0x2007c0a8   Section        1  hal_cm.o(.data)
    .data                                    0x2007c0ac   Section        8  rt_robin.o(.data)
    .data                                    0x2007c0b4   Section        4  rand.o(.data)
    _rand_state                              0x2007c0b4   Data           4  rand.o(.data)
    .bss                                     0x2007c0b8   Section       64  usbcore.o(.bss)
    .bss                                     0x2007c0f8   Section       15  usbdmain.o(.bss)
    .bss                                     0x2007c108   Section      128  usbhw.o(.bss)
    .bss                                     0x2007c188   Section      140  gamemain.o(.bss)
    .bss                                     0x2007c214   Section       52  rt_task.o(.bss)
    .bss                                     0x2007c248   Section       48  rt_list.o(.bss)
    STACK                                    0x2007c278   Section      512  startup_lpc17xx.o(STACK)
    USB_RAM                                  0x2007c478   Section      544  usbhw.o(USB_RAM)

    Global Symbols

    Symbol Name                              Value     Ov Type        Size  Object(Section)

    BuildAttributes$$THM_ISAv4$P$D$K$B$S$PE$A:L22UL41UL21$X:L11$S22US41US21$IEEE1$IW$USESV6$~STKCKD$USESV7$~SHL$OSPACE$ROPI$EBA8$MICROLIB$REQ8$PRES8$EABIv2 0x00000000   Number         0  anon$$obj.o ABSOLUTE
    __ARM_use_no_argv                        0x00000000   Number         0  main.o ABSOLUTE
    __Vectors                                0x00000000   Data           4  startup_lpc17xx.o(RESET)
    _printf_a                                0x00000000   Number         0  stubs.o ABSOLUTE
    _printf_c                                0x00000000   Number         0  stubs.o ABSOLUTE
    _printf_charcount                        0x00000000   Number         0  stubs.o ABSOLUTE
    _printf_d                                0x00000000   Number         0  stubs.o ABSOLUTE
    _printf_e                                0x00000000   Number         0  stubs.o ABSOLUTE
    _printf_f                                0x00000000   Number         0  stubs.o ABSOLUTE
    _printf_flags                            0x00000000   Number         0  stubs.o ABSOLUTE
    _printf_fp_dec                           0x00000000   Number         0  stubs.o ABSOLUTE
    _printf_fp_hex                           0x00000000   Number         0  stubs.o ABSOLUTE
    _printf_g                                0x00000000   Number         0  stubs.o ABSOLUTE
    _printf_i                                0x00000000   Number         0  stubs.o ABSOLUTE
    _printf_int_dec                          0x00000000   Number         0  stubs.o ABSOLUTE
    _printf_l                                0x00000000   Number         0  stubs.o ABSOLUTE
    _printf_lc                               0x00000000   Number         0  stubs.o ABSOLUTE
    _printf_ll                               0x00000000   Number         0  stubs.o ABSOLUTE
    _printf_lld                              0x00000000   Number         0  stubs.o ABSOLUTE
    _printf_lli                              0x00000000   Number         0  stubs.o ABSOLUTE
    _printf_llo                              0x00000000   Number         0  stubs.o ABSOLUTE
    _printf_llu                              0x00000000   Number         0  stubs.o ABSOLUTE
    _printf_llx                              0x00000000   Number         0  stubs.o ABSOLUTE
    _printf_longlong_dec                     0x00000000   Number         0  stubs.o ABSOLUTE
    _printf_longlong_hex                     0x00000000   Number         0  stubs.o ABSOLUTE
    _printf_longlong_oct                     0x00000000   Number         0  stubs.o ABSOLUTE
    _printf_ls                               0x00000000   Number         0  stubs.o ABSOLUTE
    _printf_mbtowc                           0x00000000   Number         0  stubs.o ABSOLUTE
    _printf_n                                0x00000000   Number         0  stubs.o ABSOLUTE
    _printf_o                                0x00000000   Number         0  stubs.o ABSOLUTE
    _printf_p                                0x00000000   Number         0  stubs.o ABSOLUTE
    _printf_percent                          0x00000000   Number         0  stubs.o ABSOLUTE
    _printf_pre_padding                      0x00000000   Number         0  stubs.o ABSOLUTE
    _printf_return_value                     0x00000000   Number         0  stubs.o ABSOLUTE
    _printf_s                                0x00000000   Number         0  stubs.o ABSOLUTE
    _printf_sizespec                         0x00000000   Number         0  stubs.o ABSOLUTE
    _printf_str                              0x00000000   Number         0  stubs.o ABSOLUTE
    _printf_truncate_signed                  0x00000000   Number         0  stubs.o ABSOLUTE
    _printf_truncate_unsigned                0x00000000   Number         0  stubs.o ABSOLUTE
    _printf_u                                0x00000000   Number         0  stubs.o ABSOLUTE
    _printf_wc                               0x00000000   Number         0  stubs.o ABSOLUTE
    _printf_wctomb                           0x00000000   Number         0  stubs.o ABSOLUTE
    _printf_widthprec                        0x00000000   Number         0  stubs.o ABSOLUTE
    _printf_x                                0x00000000   Number         0  stubs.o ABSOLUTE
    __cpp_initialize__aeabi_                  - Undefined Weak Reference
    __cxa_finalize                            - Undefined Weak Reference
    __decompress                              - Undefined Weak Reference
    _clock_init                               - Undefined Weak Reference
    _microlib_exit                            - Undefined Weak Reference
    __main                                   0x000000cd   Thumb Code     0  entry.o(.ARM.Collect$$$$00000000)
    _main_stk                                0x000000cd   Thumb Code     0  entry2.o(.ARM.Collect$$$$00000001)
    _main_scatterload                        0x000000d1   Thumb Code     0  entry5.o(.ARM.Collect$$$$00000004)
    __main_after_scatterload                 0x000000d5   Thumb Code     0  entry5.o(.ARM.Collect$$$$00000004)
    __rt_final_cpp                           0x000000d5   Thumb Code     0  entry10a.o(.ARM.Collect$$$$0000000D)
    __rt_final_exit                          0x000000d5   Thumb Code     0  entry11a.o(.ARM.Collect$$$$0000000F)
    _main_clock                              0x000000d5   Thumb Code     0  entry7b.o(.ARM.Collect$$$$00000008)
    _main_cpp_init                           0x000000d5   Thumb Code     0  entry8b.o(.ARM.Collect$$$$0000000A)
    _main_init                               0x000000d5   Thumb Code    18  rtx_conf_cm.o(.ARM.Collect$$$$000000FF)
    rt_set_PSP                               0x000000f1   Thumb Code     6  hal_cm3.o(.emb_text)
    rt_get_PSP                               0x000000f7   Thumb Code     6  hal_cm3.o(.emb_text)
    os_set_env                               0x000000fd   Thumb Code    24  hal_cm3.o(.emb_text)
    _alloc_box                               0x00000119   Thumb Code    28  hal_cm3.o(.emb_text)
    _free_box                                0x00000139   Thumb Code    28  hal_cm3.o(.emb_text)
    SVC_Handler                              0x00000159   Thumb Code   108  hal_cm3.o(.emb_text)
    PendSV_Handler                           0x000001d1   Thumb Code    56  hal_cm3.o(.emb_text)
    SysTick_Handler                          0x0000020d   Thumb Code     8  hal_cm3.o(.emb_text)
    OS_Tick_Handler                          0x00000215   Thumb Code    12  hal_cm3.o(.emb_text)
    Reset_Handler                            0x00000221   Thumb Code     8  startup_lpc17xx.o(.text)
    NMI_Handler                              0x00000229   Thumb Code     2  startup_lpc17xx.o(.text)
    HardFault_Handler                        0x0000022b   Thumb Code     2  startup_lpc17xx.o(.text)
    MemManage_Handler                        0x0000022d   Thumb Code     2  startup_lpc17xx.o(.text)
    BusFault_Handler                         0x0000022f   Thumb Code     2  startup_lpc17xx.o(.text)
    UsageFault_Handler                       0x00000231   Thumb Code     2  startup_lpc17xx.o(.text)
    DebugMon_Handler                         0x00000235   Thumb Code     2  startup_lpc17xx.o(.text)
    ADC_IRQHandler                           0x0000023b   Thumb Code     0  startup_lpc17xx.o(.text)
    BOD_IRQHandler                           0x0000023b   Thumb Code     0  startup_lpc17xx.o(.text)
    CANActivity_IRQHandler                   0x0000023b   Thumb Code     0  startup_lpc17xx.o(.text)
    CAN_IRQHandler                           0x0000023b   Thumb Code     0  startup_lpc17xx.o(.text)
    DMA_IRQHandler                           0x0000023b   Thumb Code     0  startup_lpc17xx.o(.text)
    EINT0_IRQHandler                         0x0000023b   Thumb Code     0  startup_lpc17xx.o(.text)
    EINT1_IRQHandler                         0x0000023b   Thumb Code     0  startup_lpc17xx.o(.text)
    EINT2_IRQHandler                         0x0000023b   Thumb Code     0  startup_lpc17xx.o(.text)
    EINT3_IRQHandler                         0x0000023b   Thumb Code     0  startup_lpc17xx.o(.text)
    ENET_IRQHandler                          0x0000023b   Thumb Code     0  startup_lpc17xx.o(.text)
    I2C0_IRQHandler                          0x0000023b   Thumb Code     0  startup_lpc17xx.o(.text)
    I2C1_IRQHandler                          0x0000023b   Thumb Code     0  startup_lpc17xx.o(.text)
    I2C2_IRQHandler                          0x0000023b   Thumb Code     0  startup_lpc17xx.o(.text)
    I2S_IRQHandler                           0x0000023b   Thumb Code     0  startup_lpc17xx.o(.text)
    MCPWM_IRQHandler                         0x0000023b   Thumb Code     0  startup_lpc17xx.o(.text)
    PLL0_IRQHandler                          0x0000023b   Thumb Code     0  startup_lpc17xx.o(.text)
    PLL1_IRQHandler                          0x0000023b   Thumb Code     0  startup_lpc17xx.o(.text)
    PWM1_IRQHandler                          0x0000023b   Thumb Code     0  startup_lpc17xx.o(.text)
    QEI_IRQHandler                           0x0000023b   Thumb Code     0  startup_lpc17xx.o(.text)
    RIT_IRQHandler                           0x0000023b   Thumb Code     0  startup_lpc17xx.o(.text)
    RTC_IRQHandler                           0x0000023b   Thumb Code     0  startup_lpc17xx.o(.text)
    SPI_IRQHandler                           0x0000023b   Thumb Code     0  startup_lpc17xx.o(.text)
    SSP0_IRQHandler                          0x0000023b   Thumb Code     0  startup_lpc17xx.o(.text)
    SSP1_IRQHandler                          0x0000023b   Thumb Code     0  startup_lpc17xx.o(.text)
    TIMER2_IRQHandler                        0x0000023b   Thumb Code     0  startup_lpc17xx.o(.text)
    TIMER3_IRQHandler                        0x0000023b   Thumb Code     0  startup_lpc17xx.o(.text)
    UART0_IRQHandler                         0x0000023b   Thumb Code     0  startup_lpc17xx.o(.text)
    UART1_IRQHandler                         0x0000023b   Thumb Code     0  startup_lpc17xx.o(.text)
    UART2_IRQHandler                         0x0000023b   Thumb Code     0  startup_lpc17xx.o(.text)
    UART3_IRQHandler                         0x0000023b   Thumb Code     0  startup_lpc17xx.o(.text)
    USBActivity_IRQHandler                   0x0000023b   Thumb Code     0  startup_lpc17xx.o(.text)
    WDT_IRQHandler                           0x0000023b   Thumb Code     0  startup_lpc17xx.o(.text)
    __aeabi_uldivmod                         0x00000245   Thumb Code    98  uldiv.o(.text)
    rand                                     0x000002a9   Thumb Code    20  rand.o(.text)
    srand                                    0x000002bd   Thumb Code     6  rand.o(.text)
    __aeabi_memcpy                           0x000002cd   Thumb Code    36  memcpya.o(.text)
    __aeabi_memcpy4                          0x000002cd   Thumb Code     0  memcpya.o(.text)
    __aeabi_memcpy8                          0x000002cd   Thumb Code     0  memcpya.o(.text)
    SVC_Count                                0x000002f0   Data           4  svc_table.o(SVC_TABLE)
    ADC_EP_GetRequest                        0x000002f5   Thumb Code     4  adcuser.o(i.ADC_EP_GetRequest)
    SVC_Table                                0x000002f4   Data           0  svc_table.o(SVC_TABLE)
    ADC_EP_SetRequest                        0x000002f9   Thumb Code     4  adcuser.o(i.ADC_EP_SetRequest)
    __aeabi_uidiv                            0x00000301   Thumb Code     0  uidiv.o(.text)
    __aeabi_uidivmod                         0x00000301   Thumb Code    44  uidiv.o(.text)
    __aeabi_llsl                             0x0000032d   Thumb Code    30  llshl.o(.text)
    _ll_shift_l                              0x0000032d   Thumb Code     0  llshl.o(.text)
    __aeabi_llsr                             0x0000034b   Thumb Code    32  llushr.o(.text)
    _ll_ushift_r                             0x0000034b   Thumb Code     0  llushr.o(.text)
    __scatterload                            0x0000036d   Thumb Code    28  init.o(.text)
    __scatterload_rt2                        0x0000036d   Thumb Code     0  init.o(.text)
    ADC_IF_GetRequest                        0x00000391   Thumb Code   128  adcuser.o(i.ADC_IF_GetRequest)
    ADC_IF_SetRequest                        0x00000421   Thumb Code    80  adcuser.o(i.ADC_IF_SetRequest)
    EPAdr                                    0x00000481   Thumb Code    16  usbhw.o(i.EPAdr)
    __RL_RTX_VER                             0x00000482   Number         0  rt_system.o ABSOLUTE
    GLCD_Bitmap                              0x00000491   Thumb Code    82  glcd_spi_lpc1700.o(i.GLCD_Bitmap)
    GLCD_Clear                               0x000004e3   Thumb Code    42  glcd_spi_lpc1700.o(i.GLCD_Clear)
    GLCD_DisplayChar                         0x0000050d   Thumb Code    84  glcd_spi_lpc1700.o(i.GLCD_DisplayChar)
    GLCD_DisplayString                       0x00000569   Thumb Code    40  glcd_spi_lpc1700.o(i.GLCD_DisplayString)
    GLCD_DrawChar                            0x00000591   Thumb Code   150  glcd_spi_lpc1700.o(i.GLCD_DrawChar)
    GLCD_Init                                0x0000062d   Thumb Code  1506  glcd_spi_lpc1700.o(i.GLCD_Init)
    GLCD_SetBackColor                        0x00000c15   Thumb Code     6  glcd_spi_lpc1700.o(i.GLCD_SetBackColor)
    GLCD_SetTextColor                        0x00000c21   Thumb Code     6  glcd_spi_lpc1700.o(i.GLCD_SetTextColor)
    GLCD_SetWindow                           0x00000c2d   Thumb Code   168  glcd_spi_lpc1700.o(i.GLCD_SetWindow)
    GLCD_WindowMax                           0x00000cd9   Thumb Code    18  glcd_spi_lpc1700.o(i.GLCD_WindowMax)
    GPIO_PinRead                             0x00000ced   Thumb Code    28  gpio_lpc17xx.o(i.GPIO_PinRead)
    GPIO_PinWrite                            0x00000d0d   Thumb Code    36  gpio_lpc17xx.o(i.GPIO_PinWrite)
    GPIO_PortClock                           0x00000d35   Thumb Code    38  gpio_lpc17xx.o(i.GPIO_PortClock)
    GPIO_SetDir                              0x00000d61   Thumb Code    52  gpio_lpc17xx.o(i.GPIO_SetDir)
    Game                                     0x00000d99   Thumb Code     8  display_part12.o(i.Game)
    GameMain                                 0x00000da1   Thumb Code   218  gamemain.o(i.GameMain)
    Imagedisplay                             0x00000f31   Thumb Code   206  display_part12.o(i.Imagedisplay)
    Joystick_GetState                        0x00001065   Thumb Code    88  joystick_mcb1700.o(i.Joystick_GetState)
    Joystick_Initialize                      0x000010c1   Thumb Code    68  joystick_mcb1700.o(i.Joystick_Initialize)
    LED_Initialize                           0x00001109   Thumb Code    88  led_mcb1700.o(i.LED_Initialize)
    LED_Off                                  0x00001165   Thumb Code    40  led_mcb1700.o(i.LED_Off)
    LED_On                                   0x00001191   Thumb Code    40  led_mcb1700.o(i.LED_On)
    MP3_Player                               0x000011bd   Thumb Code   106  display_part12.o(i.MP3_Player)
    Main_Menu                                0x00001281   Thumb Code   442  display_part12.o(i.Main_Menu)
    PIN_Configure                            0x00001525   Thumb Code   246  pin_lpc17xx.o(i.PIN_Configure)
    RdCmdDat                                 0x00001621   Thumb Code    38  usbhw.o(i.RdCmdDat)
    SystemCoreClockUpdate                    0x00001651   Thumb Code   408  system_lpc17xx.o(i.SystemCoreClockUpdate)
    SystemInit                               0x000017f9   Thumb Code   302  system_lpc17xx.o(i.SystemInit)
    TIMER0_IRQHandler                        0x00001939   Thumb Code   314  usbdmain.o(i.TIMER0_IRQHandler)
    TIMER1_IRQHandler                        0x00001ac1   Thumb Code   228  gamemain.o(i.TIMER1_IRQHandler)
    USB_ClrStallEP                           0x00001bf9   Thumb Code    26  usbhw.o(i.USB_ClrStallEP)
    USB_ConfigEP                             0x00001c19   Thumb Code    68  usbhw.o(i.USB_ConfigEP)
    USB_Configure                            0x00001c65   Thumb Code    60  usbhw.o(i.USB_Configure)
    USB_Connect                              0x00001ca9   Thumb Code    28  usbhw.o(i.USB_Connect)
    USB_DMA_BufAdr                           0x00001cc9   Thumb Code    30  usbhw.o(i.USB_DMA_BufAdr)
    USB_DMA_Enable                           0x00001ced   Thumb Code    20  usbhw.o(i.USB_DMA_Enable)
    USB_DMA_Setup                            0x00001d05   Thumb Code   248  usbhw.o(i.USB_DMA_Setup)
    USB_DataInStage                          0x00001e11   Thumb Code    52  usbcore.o(i.USB_DataInStage)
    USB_DataOutStage                         0x00001e49   Thumb Code    34  usbcore.o(i.USB_DataOutStage)
    USB_DirCtrlEP                            0x00001e71   Thumb Code     2  usbhw.o(i.USB_DirCtrlEP)
    USB_DisableEP                            0x00001e75   Thumb Code    26  usbhw.o(i.USB_DisableEP)
    USB_EnableEP                             0x00001e99   Thumb Code    26  usbhw.o(i.USB_EnableEP)
    USB_EndPoint0                            0x00001eb9   Thumb Code   672  usbcore.o(i.USB_EndPoint0)
    USB_EndPoint3                            0x00002169   Thumb Code   164  usbuser.o(i.USB_EndPoint3)
    USB_IRQHandler                           0x00002221   Thumb Code   518  usbhw.o(i.USB_IRQHandler)
    USB_Init                                 0x0000243d   Thumb Code   138  usbhw.o(i.USB_Init)
    USB_ReadEP                               0x000024dd   Thumb Code    94  usbhw.o(i.USB_ReadEP)
    USB_ReqGetConfiguration                  0x00002549   Thumb Code    28  usbcore.o(i.USB_ReqGetConfiguration)
    USB_ReqGetDescriptor                     0x00002571   Thumb Code   164  usbcore.o(i.USB_ReqGetDescriptor)
    USB_ReqGetInterface                      0x00002629   Thumb Code    60  usbcore.o(i.USB_ReqGetInterface)
    USB_ReqGetStatus                         0x00002679   Thumb Code   160  usbcore.o(i.USB_ReqGetStatus)
    USB_ReqSetAddress                        0x00002739   Thumb Code    34  usbcore.o(i.USB_ReqSetAddress)
    USB_ReqSetClrFeature                     0x00002765   Thumb Code   210  usbcore.o(i.USB_ReqSetClrFeature)
    USB_ReqSetConfiguration                  0x00002851   Thumb Code   402  usbcore.o(i.USB_ReqSetConfiguration)
    USB_ReqSetInterface                      0x00002a09   Thumb Code   278  usbcore.o(i.USB_ReqSetInterface)
    USB_Reset                                0x00002b39   Thumb Code   172  usbhw.o(i.USB_Reset)
    USB_ResetCore                            0x00002bfd   Thumb Code    34  usbcore.o(i.USB_ResetCore)
    USB_ResetEP                              0x00002c39   Thumb Code    26  usbhw.o(i.USB_ResetEP)
    USB_Reset_Event                          0x00002c59   Thumb Code     8  usbuser.o(i.USB_Reset_Event)
    USB_Resume                               0x00002c61   Thumb Code     2  usbhw.o(i.USB_Resume)
    USB_SOF_Event                            0x00002c63   Thumb Code     2  usbuser.o(i.USB_SOF_Event)
    USB_SetAddress                           0x00002c65   Thumb Code    42  usbhw.o(i.USB_SetAddress)
    USB_SetStallEP                           0x00002c95   Thumb Code    26  usbhw.o(i.USB_SetStallEP)
    USB_SetupStage                           0x00002cb9   Thumb Code    12  usbcore.o(i.USB_SetupStage)
    USB_StatusInStage                        0x00002cc9   Thumb Code    14  usbcore.o(i.USB_StatusInStage)
    USB_StatusOutStage                       0x00002cd9   Thumb Code    12  usbcore.o(i.USB_StatusOutStage)
    USB_Suspend                              0x00002ce9   Thumb Code     2  usbhw.o(i.USB_Suspend)
    USB_WakeUpCfg                            0x00002ceb   Thumb Code     2  usbhw.o(i.USB_WakeUpCfg)
    USB_WriteEP                              0x00002ced   Thumb Code    70  usbhw.o(i.USB_WriteEP)
    WrCmd                                    0x00002d41   Thumb Code    30  usbhw.o(i.WrCmd)
    WrCmdDat                                 0x00002d69   Thumb Code    58  usbhw.o(i.WrCmdDat)
    WrCmdEP                                  0x00002dad   Thumb Code    78  usbhw.o(i.WrCmdEP)
    __0sprintf$1                             0x00002e05   Thumb Code    34  printf1.o(i.__0sprintf$1)
    __1sprintf$1                             0x00002e05   Thumb Code     0  printf1.o(i.__0sprintf$1)
    __2sprintf                               0x00002e05   Thumb Code     0  printf1.o(i.__0sprintf$1)
    __scatterload_copy                       0x00002e2d   Thumb Code    14  handlers.o(i.__scatterload_copy)
    __scatterload_null                       0x00002e3b   Thumb Code     2  handlers.o(i.__scatterload_null)
    __scatterload_zeroinit                   0x00002e3d   Thumb Code    14  handlers.o(i.__scatterload_zeroinit)
    _init_box                                0x00002e4b   Thumb Code    70  rt_membox.o(i._init_box)
    check_input                              0x00002ff1   Thumb Code   170  gamemain.o(i.check_input)
    create_background                        0x000030a9   Thumb Code   116  gamemain.o(i.create_background)
    dbg_init                                 0x00003175   Thumb Code    34  hal_cm.o(i.dbg_init)
    dbg_task_notify                          0x000031a5   Thumb Code    32  hal_cm.o(i.dbg_task_notify)
    dbg_task_switch                          0x000031c5   Thumb Code    16  hal_cm.o(i.dbg_task_switch)
    delay                                    0x000031e3   Thumb Code    38  display_part12.o(i.delay)
    get_potval                               0x00003209   Thumb Code    58  usbdmain.o(i.get_potval)
    init_game                                0x0000324d   Thumb Code    66  gamemain.o(i.init_game)
    isrMessageGet                            0x00003299   Thumb Code    42  rt_cmsis.o(i.isrMessageGet)
    isrMessagePut                            0x000032c3   Thumb Code    44  rt_cmsis.o(i.isrMessagePut)
    isr_mbx_receive                          0x000032f1   Thumb Code    86  rt_mailbox.o(i.isr_mbx_receive)
    isr_mbx_send                             0x00003347   Thumb Code    14  rt_mailbox.o(i.isr_mbx_send)
    main                                     0x00003355   Thumb Code    18  main.o(i.main)
    move_notes                               0x00003369   Thumb Code    48  gamemain.o(i.move_notes)
    mp3                                      0x0000339d   Thumb Code   188  usbdmain.o(i.mp3)
    osKernelInitialize                       0x00003471   Thumb Code    30  rt_cmsis.o(i.osKernelInitialize)
    osKernelStart                            0x00003495   Thumb Code    98  rt_cmsis.o(i.osKernelStart)
    osMessageGet                             0x00003501   Thumb Code    18  rt_cmsis.o(i.osMessageGet)
    osThreadCreate                           0x00003519   Thumb Code    36  rt_cmsis.o(i.osThreadCreate)
    osThreadExit                             0x00003545   Thumb Code    14  rt_cmsis.o(i.osThreadExit)
    osTimerCall                              0x0000355d   Thumb Code     8  rt_cmsis.o(i.osTimerCall)
    osTimerThread                            0x00003569   Thumb Code    38  rt_cmsis.o(i.osTimerThread)
    os_error                                 0x00003595   Thumb Code    34  rtx_conf_cm.o(i.os_error)
    os_idle_demon                            0x000035b7   Thumb Code     4  rtx_conf_cm.o(i.os_idle_demon)
    os_tick_init                             0x000035bd   Thumb Code    32  rt_system.o(i.os_tick_init)
    os_tick_irqack                           0x000035e5   Thumb Code     2  rt_system.o(i.os_tick_irqack)
    rt_alloc_box                             0x000036bd   Thumb Code    26  rt_membox.o(i.rt_alloc_box)
    rt_alloc_mem                             0x000036d7   Thumb Code    62  rt_memory.o(i.rt_alloc_mem)
    rt_block                                 0x00003715   Thumb Code    48  rt_task.o(i.rt_block)
    rt_chk_robin                             0x0000374d   Thumb Code    60  rt_robin.o(i.rt_chk_robin)
    rt_dec_dly                               0x00003795   Thumb Code   102  rt_list.o(i.rt_dec_dly)
    rt_dispatch                              0x00003805   Thumb Code    60  rt_task.o(i.rt_dispatch)
    rt_evt_psh                               0x00003849   Thumb Code    76  rt_event.o(i.rt_evt_psh)
    rt_free_box                              0x00003899   Thumb Code    44  rt_membox.o(i.rt_free_box)
    rt_free_mem                              0x000038c5   Thumb Code    40  rt_memory.o(i.rt_free_mem)
    rt_get_first                             0x000038ed   Thumb Code    40  rt_list.o(i.rt_get_first)
    rt_init_mem                              0x00003965   Thumb Code    26  rt_memory.o(i.rt_init_mem)
    rt_init_robin                            0x00003981   Thumb Code    14  rt_robin.o(i.rt_init_robin)
    rt_init_stack                            0x00003999   Thumb Code   118  hal_cm.o(i.rt_init_stack)
    rt_mbx_check                             0x00003a19   Thumb Code     8  rt_mailbox.o(i.rt_mbx_check)
    rt_mbx_init                              0x00003a21   Thumb Code    26  rt_mailbox.o(i.rt_mbx_init)
    rt_mbx_psh                               0x00003a3d   Thumb Code   236  rt_mailbox.o(i.rt_mbx_psh)
    rt_mbx_wait                              0x00003b2d   Thumb Code   174  rt_mailbox.o(i.rt_mbx_wait)
    rt_pop_req                               0x00003c25   Thumb Code   112  rt_system.o(i.rt_pop_req)
    rt_psh_req                               0x00003ca1   Thumb Code    22  rt_system.o(i.rt_psh_req)
    rt_psq_enq                               0x00003cc1   Thumb Code    88  rt_list.o(i.rt_psq_enq)
    rt_put_dly                               0x00003d1d   Thumb Code    68  rt_list.o(i.rt_put_dly)
    rt_put_prio                              0x00003d65   Thumb Code    54  rt_list.o(i.rt_put_prio)
    rt_put_rdy_first                         0x00003d9d   Thumb Code    14  rt_list.o(i.rt_put_rdy_first)
    rt_resort_prio                           0x00003db1   Thumb Code    46  rt_list.o(i.rt_resort_prio)
    rt_ret_val                               0x00003de5   Thumb Code     6  hal_cm.o(i.rt_ret_val)
    rt_ret_val2                              0x00003deb   Thumb Code     8  hal_cm.o(i.rt_ret_val2)
    rt_rmv_dly                               0x00003df3   Thumb Code    40  rt_list.o(i.rt_rmv_dly)
    rt_rmv_list                              0x00003e1d   Thumb Code    44  rt_list.o(i.rt_rmv_list)
    rt_sem_psh                               0x00003e4d   Thumb Code    48  rt_semaphore.o(i.rt_sem_psh)
    rt_stk_check                             0x00003e81   Thumb Code    28  rt_system.o(i.rt_stk_check)
    rt_switch_req                            0x00003ea5   Thumb Code    30  rt_task.o(i.rt_switch_req)
    rt_sys_init                              0x00003ecd   Thumb Code   138  rt_task.o(i.rt_sys_init)
    rt_sys_start                             0x00003f99   Thumb Code   110  rt_task.o(i.rt_sys_start)
    rt_systick                               0x00004011   Thumb Code    50  rt_system.o(i.rt_systick)
    rt_tsk_create                            0x00004099   Thumb Code   118  rt_task.o(i.rt_tsk_create)
    rt_tsk_delete                            0x00004121   Thumb Code   352  rt_task.o(i.rt_tsk_delete)
    rt_tsk_prio                              0x0000429d   Thumb Code   108  rt_task.o(i.rt_tsk_prio)
    rt_tsk_self                              0x00004319   Thumb Code    12  rt_task.o(i.rt_tsk_self)
    setup_Timer                              0x00004329   Thumb Code    74  gamemain.o(i.setup_Timer)
    spawn_notes                              0x00004381   Thumb Code    90  gamemain.o(i.spawn_notes)
    svcKernelInitialize                      0x00004485   Thumb Code    80  rt_cmsis.o(i.svcKernelInitialize)
    svcKernelStart                           0x000044f5   Thumb Code    62  rt_cmsis.o(i.svcKernelStart)
    svcMessageCreate                         0x0000453d   Thumb Code    36  rt_cmsis.o(i.svcMessageCreate)
    svcMessageGet                            0x00004561   Thumb Code    58  rt_cmsis.o(i.svcMessageGet)
    svcThreadCreate                          0x0000459d   Thumb Code    96  rt_cmsis.o(i.svcThreadCreate)
    svcThreadGetId                           0x00004609   Thumb Code    22  rt_cmsis.o(i.svcThreadGetId)
    svcThreadTerminate                       0x00004625   Thumb Code    50  rt_cmsis.o(i.svcThreadTerminate)
    svcTimerCall                             0x0000465d   Thumb Code    24  rt_cmsis.o(i.svcTimerCall)
    sysTimerTick                             0x00004675   Thumb Code    84  rt_cmsis.o(i.sysTimerTick)
    Font_6x8_h                               0x00004768   Data         896  glcd_spi_lpc1700.o(.constdata)
    Font_16x24_h                             0x00004ae8   Data        5376  glcd_spi_lpc1700.o(.constdata)
    USB_DeviceDescriptor                     0x000376f4   Data          18  usbdesc.o(.constdata)
    USB_ConfigDescriptor                     0x00037706   Data         110  usbdesc.o(.constdata)
    USB_StringDescriptor                     0x00037774   Data         100  usbdesc.o(.constdata)
    DDAdr                                    0x000377d8   Data           8  usbhw.o(.constdata)
    DDSz                                     0x000377e0   Data           8  usbhw.o(.constdata)
    USB_P_EP                                 0x000377e8   Data          64  usbuser.o(.constdata)
    noteColumns                              0x0003e7e4   Data           8  gamemain.o(.constdata)
    os_maxtaskrun                            0x0003e808   Data           2  rtx_conf_cm.o(.constdata)
    os_stackinfo                             0x0003e80c   Data           4  rtx_conf_cm.o(.constdata)
    os_rrobin                                0x0003e810   Data           4  rtx_conf_cm.o(.constdata)
    os_tickfreq                              0x0003e814   Data           4  rtx_conf_cm.o(.constdata)
    os_tickus_i                              0x0003e818   Data           2  rtx_conf_cm.o(.constdata)
    os_tickus_f                              0x0003e81a   Data           2  rtx_conf_cm.o(.constdata)
    os_trv                                   0x0003e81c   Data           4  rtx_conf_cm.o(.constdata)
    os_flags                                 0x0003e820   Data           1  rtx_conf_cm.o(.constdata)
    CMSIS_RTOS_API_Version                   0x0003e824   Data           4  rtx_conf_cm.o(.constdata)
    CMSIS_RTOS_RTX_Version                   0x0003e828   Data           4  rtx_conf_cm.o(.constdata)
    os_clockrate                             0x0003e82c   Data           4  rtx_conf_cm.o(.constdata)
    os_timernum                              0x0003e830   Data           4  rtx_conf_cm.o(.constdata)
    mp_tcb_size                              0x0003e834   Data           2  rtx_conf_cm.o(.constdata)
    mp_stk_size                              0x0003e838   Data           4  rtx_conf_cm.o(.constdata)
    os_stack_sz                              0x0003e83c   Data           4  rtx_conf_cm.o(.constdata)
    os_fifo_size                             0x0003e840   Data           1  rtx_conf_cm.o(.constdata)
    os_thread_def_osTimerThread              0x0003e844   Data          16  rtx_conf_cm.o(.constdata)
    os_messageQ_def_osTimerMessageQ          0x0003e854   Data           8  rtx_conf_cm.o(.constdata)
    mp_tmr_size                              0x0003e85c   Data           2  rtx_conf_cm.o(.constdata)
    os_thread_def_main                       0x0003e860   Data          16  rtx_conf_cm.o(.constdata)
    Region$$Table$$Base                      0x0003e870   Number         0  anon$$obj.o(Region$$Table)
    Region$$Table$$Limit                     0x0003e8a0   Number         0  anon$$obj.o(Region$$Table)
    mp_tcb                                   0x10000000   Data         376  rtx_conf_cm.o(.bss)
    mp_stk                                   0x10000178   Data        1216  rtx_conf_cm.o(.bss)
    os_stack_mem                             0x10000638   Data         432  rtx_conf_cm.o(.bss)
    os_fifo                                  0x100007e8   Data         132  rtx_conf_cm.o(.bss)
    os_active_TCB                            0x1000086c   Data          28  rtx_conf_cm.o(.bss)
    os_messageQ_q_osTimerMessageQ            0x10000888   Data          32  rtx_conf_cm.o(.bss)
    USB_DeviceStatus                         0x2007c008   Data           2  usbcore.o(.data)
    USB_DeviceAddress                        0x2007c00a   Data           1  usbcore.o(.data)
    USB_Configuration                        0x2007c00b   Data           1  usbcore.o(.data)
    USB_EndPointMask                         0x2007c00c   Data           4  usbcore.o(.data)
    USB_EndPointHalt                         0x2007c010   Data           4  usbcore.o(.data)
    USB_EndPointStall                        0x2007c014   Data           4  usbcore.o(.data)
    USB_NumInterfaces                        0x2007c018   Data           1  usbcore.o(.data)
    USB_AltSetting                           0x2007c019   Data           4  usbcore.o(.data)
    EP0Data                                  0x2007c020   Data           8  usbcore.o(.data)
    SetupPacket                              0x2007c028   Data           8  usbcore.o(.data)
    Mute                                     0x2007c030   Data           1  usbdmain.o(.data)
    Volume                                   0x2007c034   Data           4  usbdmain.o(.data)
    VolOut                                   0x2007c038   Data           4  usbdmain.o(.data)
    InfoBuf                                  0x2007c03c   Data           4  usbdmain.o(.data)
    DataBuf                                  0x2007c040   Data           4  usbdmain.o(.data)
    DataOut                                  0x2007c044   Data           2  usbdmain.o(.data)
    DataIn                                   0x2007c046   Data           2  usbdmain.o(.data)
    DataRun                                  0x2007c048   Data           1  usbdmain.o(.data)
    PotVal                                   0x2007c04a   Data           2  usbdmain.o(.data)
    VUM                                      0x2007c04c   Data           4  usbdmain.o(.data)
    Tick                                     0x2007c050   Data           4  usbdmain.o(.data)
    usbout                                   0x2007c054   Data           4  usbdmain.o(.data)
    joystickState                            0x2007c058   Data           4  usbdmain.o(.data)
    DDMemMap                                 0x2007c05c   Data           8  usbhw.o(.data)
    VolCur                                   0x2007c064   Data           2  adcuser.o(.data)
    currentCombo                             0x2007c068   Data           4  gamemain.o(.data)
    note_timer                               0x2007c06c   Data           1  gamemain.o(.data)
    note_index                               0x2007c06d   Data           1  gamemain.o(.data)
    joystickState_                           0x2007c070   Data           4  gamemain.o(.data)
    state                                    0x2007c074   Data           4  gamemain.o(.data)
    osThreadId_osTimerThread                 0x2007c078   Data           4  rtx_conf_cm.o(.data)
    osMessageQId_osTimerMessageQ             0x2007c07c   Data           4  rtx_conf_cm.o(.data)
    os_tmr                                   0x2007c080   Data           4  rtx_conf_cm.o(.data)
    m_tmr                                    0x2007c084   Data           4  rtx_conf_cm.o(.data)
    SystemCoreClock                          0x2007c088   Data           4  system_lpc17xx.o(.data)
    os_initialized                           0x2007c08c   Data           1  rt_cmsis.o(.data)
    os_running                               0x2007c08d   Data           1  rt_cmsis.o(.data)
    os_timer_head                            0x2007c090   Data           4  rt_cmsis.o(.data)
    os_tsk                                   0x2007c094   Data           8  rt_task.o(.data)
    os_tick_irqn                             0x2007c0a0   Data           4  rt_system.o(.data)
    os_time                                  0x2007c0a4   Data           4  rt_time.o(.data)
    dbg_msg                                  0x2007c0a8   Data           1  hal_cm.o(.data)
    os_robin                                 0x2007c0ac   Data           8  rt_robin.o(.data)
    EP0Buf                                   0x2007c0b8   Data          64  usbcore.o(.bss)
    text                                     0x2007c0f8   Data          15  usbdmain.o(.bss)
    udca                                     0x2007c108   Data         128  usbhw.o(.bss)
    text1                                    0x2007c188   Data          20  gamemain.o(.bss)
    notes                                    0x2007c19c   Data         120  gamemain.o(.bss)
    os_idle_TCB                              0x2007c214   Data          52  rt_task.o(.bss)
    os_rdy                                   0x2007c248   Data          24  rt_list.o(.bss)
    os_dly                                   0x2007c260   Data          24  rt_list.o(.bss)
    UDCA                                     0x2007c478   Data         128  usbhw.o(USB_RAM)
    __initial_sp                             0x2007c478   Data           0  startup_lpc17xx.o(STACK)
    DD_NISO_Mem                              0x2007c4f8   Data         256  usbhw.o(USB_RAM)
    DD_ISO_Mem                               0x2007c5f8   Data         160  usbhw.o(USB_RAM)



==============================================================================

Memory Map of the image

  Image Entry point : 0x000000cd

  Load Region LR_IROM1 (Base: 0x00000000, Size: 0x0003e958, Max: 0x00080000, ABSOLUTE)

    Execution Region ER_IROM1 (Exec base: 0x00000000, Load base: 0x00000000, Size: 0x0003e8a0, Max: 0x00080000, ABSOLUTE)

    Exec Addr    Load Addr    Size         Type   Attr      Idx    E Section Name        Object

    0x00000000   0x00000000   0x000000cc   Data   RO         1226    RESET               startup_lpc17xx.o
    0x000000cc   0x000000cc   0x00000000   Code   RO         2481  * .ARM.Collect$$$$00000000  mc_w.l(entry.o)
    0x000000cc   0x000000cc   0x00000004   Code   RO         2754    .ARM.Collect$$$$00000001  mc_w.l(entry2.o)
    0x000000d0   0x000000d0   0x00000004   Code   RO         2757    .ARM.Collect$$$$00000004  mc_w.l(entry5.o)
    0x000000d4   0x000000d4   0x00000000   Code   RO         2759    .ARM.Collect$$$$00000008  mc_w.l(entry7b.o)
    0x000000d4   0x000000d4   0x00000000   Code   RO         2761    .ARM.Collect$$$$0000000A  mc_w.l(entry8b.o)
    0x000000d4   0x000000d4   0x00000000   Code   RO         2762    .ARM.Collect$$$$0000000D  mc_w.l(entry10a.o)
    0x000000d4   0x000000d4   0x00000000   Code   RO         2764    .ARM.Collect$$$$0000000F  mc_w.l(entry11a.o)
    0x000000d4   0x000000d4   0x00000018   Code   RO         1099    .ARM.Collect$$$$000000FF  rtx_conf_cm.o
    0x000000ec   0x000000ec   0x00000004   Code   RO         2755    .ARM.Collect$$$$00002712  mc_w.l(entry2.o)
    0x000000f0   0x000000f0   0x00000130   Code   RO         2468    .emb_text           RTX_CM3.lib(hal_cm3.o)
    0x00000220   0x00000220   0x00000024   Code   RO         1228    .text               startup_lpc17xx.o
    0x00000244   0x00000244   0x00000062   Code   RO         2484    .text               mc_w.l(uldiv.o)
    0x000002a6   0x000002a6   0x00000002   PAD
    0x000002a8   0x000002a8   0x00000024   Code   RO         2486    .text               mc_w.l(rand.o)
    0x000002cc   0x000002cc   0x00000024   Code   RO         2489    .text               mc_w.l(memcpya.o)
    0x000002f0   0x000002f0   0x00000004   Code   RO         2478    SVC_TABLE           RTX_CM3.lib(svc_table.o)
    0x000002f4   0x000002f4   0x00000004   Code   RO          868    i.ADC_EP_GetRequest  adcuser.o
    0x000002f8   0x000002f8   0x00000004   Code   RO          869    i.ADC_EP_SetRequest  adcuser.o
    0x000002fc   0x000002fc   0x00000004   Code   RO         1227    .ARM.__at_0x02FC    startup_lpc17xx.o
    0x00000300   0x00000300   0x0000002c   Code   RO         2769    .text               mc_w.l(uidiv.o)
    0x0000032c   0x0000032c   0x0000001e   Code   RO         2771    .text               mc_w.l(llshl.o)
    0x0000034a   0x0000034a   0x00000020   Code   RO         2773    .text               mc_w.l(llushr.o)
    0x0000036a   0x0000036a   0x00000002   PAD
    0x0000036c   0x0000036c   0x00000024   Code   RO         2786    .text               mc_w.l(init.o)
    0x00000390   0x00000390   0x00000090   Code   RO          870    i.ADC_IF_GetRequest  adcuser.o
    0x00000420   0x00000420   0x00000060   Code   RO          871    i.ADC_IF_SetRequest  adcuser.o
    0x00000480   0x00000480   0x00000010   Code   RO          544    i.EPAdr             usbhw.o
    0x00000490   0x00000490   0x00000052   Code   RO           80    i.GLCD_Bitmap       glcd_spi_lpc1700.o
    0x000004e2   0x000004e2   0x0000002a   Code   RO           81    i.GLCD_Clear        glcd_spi_lpc1700.o
    0x0000050c   0x0000050c   0x0000005c   Code   RO           83    i.GLCD_DisplayChar  glcd_spi_lpc1700.o
    0x00000568   0x00000568   0x00000028   Code   RO           84    i.GLCD_DisplayString  glcd_spi_lpc1700.o
    0x00000590   0x00000590   0x0000009c   Code   RO           85    i.GLCD_DrawChar     glcd_spi_lpc1700.o
    0x0000062c   0x0000062c   0x000005e8   Code   RO           86    i.GLCD_Init         glcd_spi_lpc1700.o
    0x00000c14   0x00000c14   0x0000000c   Code   RO           89    i.GLCD_SetBackColor  glcd_spi_lpc1700.o
    0x00000c20   0x00000c20   0x0000000c   Code   RO           90    i.GLCD_SetTextColor  glcd_spi_lpc1700.o
    0x00000c2c   0x00000c2c   0x000000ac   Code   RO           91    i.GLCD_SetWindow    glcd_spi_lpc1700.o
    0x00000cd8   0x00000cd8   0x00000012   Code   RO           92    i.GLCD_WindowMax    glcd_spi_lpc1700.o
    0x00000cea   0x00000cea   0x00000002   PAD
    0x00000cec   0x00000cec   0x00000020   Code   RO         1137    i.GPIO_PinRead      gpio_lpc17xx.o
    0x00000d0c   0x00000d0c   0x00000028   Code   RO         1138    i.GPIO_PinWrite     gpio_lpc17xx.o
    0x00000d34   0x00000d34   0x0000002c   Code   RO         1139    i.GPIO_PortClock    gpio_lpc17xx.o
    0x00000d60   0x00000d60   0x00000038   Code   RO         1142    i.GPIO_SetDir       gpio_lpc17xx.o
    0x00000d98   0x00000d98   0x00000008   Code   RO          268    i.Game              display_part12.o
    0x00000da0   0x00000da0   0x00000190   Code   RO          906    i.GameMain          gamemain.o
    0x00000f30   0x00000f30   0x00000134   Code   RO          269    i.Imagedisplay      display_part12.o
    0x00001064   0x00001064   0x0000005c   Code   RO         1008    i.Joystick_GetState  joystick_mcb1700.o
    0x000010c0   0x000010c0   0x00000048   Code   RO         1009    i.Joystick_Initialize  joystick_mcb1700.o
    0x00001108   0x00001108   0x0000005c   Code   RO         1047    i.LED_Initialize    led_mcb1700.o
    0x00001164   0x00001164   0x0000002c   Code   RO         1048    i.LED_Off           led_mcb1700.o
    0x00001190   0x00001190   0x0000002c   Code   RO         1049    i.LED_On            led_mcb1700.o
    0x000011bc   0x000011bc   0x000000c4   Code   RO          270    i.MP3_Player        display_part12.o
    0x00001280   0x00001280   0x0000028c   Code   RO          271    i.Main_Menu         display_part12.o
    0x0000150c   0x0000150c   0x00000018   Code   RO          907    i.NVIC_DisableIRQ   gamemain.o
    0x00001524   0x00001524   0x000000fc   Code   RO         1191    i.PIN_Configure     pin_lpc17xx.o
    0x00001620   0x00001620   0x00000030   Code   RO          545    i.RdCmdDat          usbhw.o
    0x00001650   0x00001650   0x000001a8   Code   RO         1237    i.SystemCoreClockUpdate  system_lpc17xx.o
    0x000017f8   0x000017f8   0x00000140   Code   RO         1238    i.SystemInit        system_lpc17xx.o
    0x00001938   0x00001938   0x00000188   Code   RO          508    i.TIMER0_IRQHandler  usbdmain.o
    0x00001ac0   0x00001ac0   0x00000138   Code   RO          908    i.TIMER1_IRQHandler  gamemain.o
    0x00001bf8   0x00001bf8   0x00000020   Code   RO          547    i.USB_ClrStallEP    usbhw.o
    0x00001c18   0x00001c18   0x0000004c   Code   RO          548    i.USB_ConfigEP      usbhw.o
    0x00001c64   0x00001c64   0x00000044   Code   RO          549    i.USB_Configure     usbhw.o
    0x00001ca8   0x00001ca8   0x00000020   Code   RO          550    i.USB_Connect       usbhw.o
    0x00001cc8   0x00001cc8   0x00000024   Code   RO          551    i.USB_DMA_BufAdr    usbhw.o
    0x00001cec   0x00001cec   0x00000018   Code   RO          554    i.USB_DMA_Enable    usbhw.o
    0x00001d04   0x00001d04   0x0000010c   Code   RO          555    i.USB_DMA_Setup     usbhw.o
    0x00001e10   0x00001e10   0x00000038   Code   RO          376    i.USB_DataInStage   usbcore.o
    0x00001e48   0x00001e48   0x00000028   Code   RO          377    i.USB_DataOutStage  usbcore.o
    0x00001e70   0x00001e70   0x00000002   Code   RO          557    i.USB_DirCtrlEP     usbhw.o
    0x00001e72   0x00001e72   0x00000002   PAD
    0x00001e74   0x00001e74   0x00000024   Code   RO          558    i.USB_DisableEP     usbhw.o
    0x00001e98   0x00001e98   0x00000020   Code   RO          559    i.USB_EnableEP      usbhw.o
    0x00001eb8   0x00001eb8   0x000002b0   Code   RO          378    i.USB_EndPoint0     usbcore.o
    0x00002168   0x00002168   0x000000b8   Code   RO          762    i.USB_EndPoint3     usbuser.o
    0x00002220   0x00002220   0x0000021c   Code   RO          561    i.USB_IRQHandler    usbhw.o
    0x0000243c   0x0000243c   0x000000a0   Code   RO          562    i.USB_Init          usbhw.o
    0x000024dc   0x000024dc   0x0000006c   Code   RO          563    i.USB_ReadEP        usbhw.o
    0x00002548   0x00002548   0x00000028   Code   RO          379    i.USB_ReqGetConfiguration  usbcore.o
    0x00002570   0x00002570   0x000000b8   Code   RO          380    i.USB_ReqGetDescriptor  usbcore.o
    0x00002628   0x00002628   0x00000050   Code   RO          381    i.USB_ReqGetInterface  usbcore.o
    0x00002678   0x00002678   0x000000c0   Code   RO          382    i.USB_ReqGetStatus  usbcore.o
    0x00002738   0x00002738   0x0000002c   Code   RO          383    i.USB_ReqSetAddress  usbcore.o
    0x00002764   0x00002764   0x000000ec   Code   RO          384    i.USB_ReqSetClrFeature  usbcore.o
    0x00002850   0x00002850   0x000001b8   Code   RO          385    i.USB_ReqSetConfiguration  usbcore.o
    0x00002a08   0x00002a08   0x00000130   Code   RO          386    i.USB_ReqSetInterface  usbcore.o
    0x00002b38   0x00002b38   0x000000c4   Code   RO          564    i.USB_Reset         usbhw.o
    0x00002bfc   0x00002bfc   0x0000003c   Code   RO          387    i.USB_ResetCore     usbcore.o
    0x00002c38   0x00002c38   0x00000020   Code   RO          565    i.USB_ResetEP       usbhw.o
    0x00002c58   0x00002c58   0x00000008   Code   RO          769    i.USB_Reset_Event   usbuser.o
    0x00002c60   0x00002c60   0x00000002   Code   RO          566    i.USB_Resume        usbhw.o
    0x00002c62   0x00002c62   0x00000002   Code   RO          770    i.USB_SOF_Event     usbuser.o
    0x00002c64   0x00002c64   0x00000030   Code   RO          567    i.USB_SetAddress    usbhw.o
    0x00002c94   0x00002c94   0x00000024   Code   RO          568    i.USB_SetStallEP    usbhw.o
    0x00002cb8   0x00002cb8   0x00000010   Code   RO          388    i.USB_SetupStage    usbcore.o
    0x00002cc8   0x00002cc8   0x0000000e   Code   RO          389    i.USB_StatusInStage  usbcore.o
    0x00002cd6   0x00002cd6   0x00000002   PAD
    0x00002cd8   0x00002cd8   0x00000010   Code   RO          390    i.USB_StatusOutStage  usbcore.o
    0x00002ce8   0x00002ce8   0x00000002   Code   RO          569    i.USB_Suspend       usbhw.o
    0x00002cea   0x00002cea   0x00000002   Code   RO          571    i.USB_WakeUpCfg     usbhw.o
    0x00002cec   0x00002cec   0x00000054   Code   RO          572    i.USB_WriteEP       usbhw.o
    0x00002d40   0x00002d40   0x00000028   Code   RO          573    i.WrCmd             usbhw.o
    0x00002d68   0x00002d68   0x00000044   Code   RO          574    i.WrCmdDat          usbhw.o
    0x00002dac   0x00002dac   0x00000058   Code   RO          575    i.WrCmdEP           usbhw.o
    0x00002e04   0x00002e04   0x00000028   Code   RO         2540    i.__0sprintf$1      mc_w.l(printf1.o)
    0x00002e2c   0x00002e2c   0x0000000e   Code   RO         2796    i.__scatterload_copy  mc_w.l(handlers.o)
    0x00002e3a   0x00002e3a   0x00000002   Code   RO         2797    i.__scatterload_null  mc_w.l(handlers.o)
    0x00002e3c   0x00002e3c   0x0000000e   Code   RO         2798    i.__scatterload_zeroinit  mc_w.l(handlers.o)
    0x00002e4a   0x00002e4a   0x00000046   Code   RO         2346    i._init_box         RTX_CM3.lib(rt_membox.o)
    0x00002e90   0x00002e90   0x00000154   Code   RO         2545    i._printf_core      mc_w.l(printf1.o)
    0x00002fe4   0x00002fe4   0x0000000a   Code   RO         2547    i._sputc            mc_w.l(printf1.o)
    0x00002fee   0x00002fee   0x00000002   PAD
    0x00002ff0   0x00002ff0   0x000000b8   Code   RO          909    i.check_input       gamemain.o
    0x000030a8   0x000030a8   0x000000cc   Code   RO          910    i.create_background  gamemain.o
    0x00003174   0x00003174   0x00000030   Code   RO         2399    i.dbg_init          RTX_CM3.lib(hal_cm.o)
    0x000031a4   0x000031a4   0x00000020   Code   RO         2400    i.dbg_task_notify   RTX_CM3.lib(hal_cm.o)
    0x000031c4   0x000031c4   0x00000010   Code   RO         2401    i.dbg_task_switch   RTX_CM3.lib(hal_cm.o)
    0x000031d4   0x000031d4   0x0000000e   Code   RO           95    i.delay             glcd_spi_lpc1700.o
    0x000031e2   0x000031e2   0x00000026   Code   RO          272    i.delay             display_part12.o
    0x00003208   0x00003208   0x00000044   Code   RO          509    i.get_potval        usbdmain.o
    0x0000324c   0x0000324c   0x0000004c   Code   RO          912    i.init_game         gamemain.o
    0x00003298   0x00003298   0x0000002a   Code   RO         1273    i.isrMessageGet     RTX_CM3.lib(rt_cmsis.o)
    0x000032c2   0x000032c2   0x0000002c   Code   RO         1274    i.isrMessagePut     RTX_CM3.lib(rt_cmsis.o)
    0x000032ee   0x000032ee   0x00000002   PAD
    0x000032f0   0x000032f0   0x00000056   Code   RO         2192    i.isr_mbx_receive   RTX_CM3.lib(rt_mailbox.o)
    0x00003346   0x00003346   0x0000000e   Code   RO         2193    i.isr_mbx_send      RTX_CM3.lib(rt_mailbox.o)
    0x00003354   0x00003354   0x00000012   Code   RO            4    i.main              main.o
    0x00003366   0x00003366   0x00000002   PAD
    0x00003368   0x00003368   0x00000034   Code   RO          913    i.move_notes        gamemain.o
    0x0000339c   0x0000339c   0x000000d4   Code   RO          510    i.mp3               usbdmain.o
    0x00003470   0x00003470   0x00000024   Code   RO         1278    i.osKernelInitialize  RTX_CM3.lib(rt_cmsis.o)
    0x00003494   0x00003494   0x0000006c   Code   RO         1280    i.osKernelStart     RTX_CM3.lib(rt_cmsis.o)
    0x00003500   0x00003500   0x00000018   Code   RO         1289    i.osMessageGet      RTX_CM3.lib(rt_cmsis.o)
    0x00003518   0x00003518   0x0000002c   Code   RO         1306    i.osThreadCreate    RTX_CM3.lib(rt_cmsis.o)
    0x00003544   0x00003544   0x00000018   Code   RO         1307    i.osThreadExit      RTX_CM3.lib(rt_cmsis.o)
    0x0000355c   0x0000355c   0x0000000c   Code   RO         1313    i.osTimerCall       RTX_CM3.lib(rt_cmsis.o)
    0x00003568   0x00003568   0x0000002c   Code   RO         1318    i.osTimerThread     RTX_CM3.lib(rt_cmsis.o)
    0x00003594   0x00003594   0x00000022   Code   RO         1100    i.os_error          rtx_conf_cm.o
    0x000035b6   0x000035b6   0x00000004   Code   RO         1101    i.os_idle_demon     rtx_conf_cm.o
    0x000035ba   0x000035ba   0x00000002   PAD
    0x000035bc   0x000035bc   0x00000028   Code   RO         1980    i.os_tick_init      RTX_CM3.lib(rt_system.o)
    0x000035e4   0x000035e4   0x00000002   Code   RO         1981    i.os_tick_irqack    RTX_CM3.lib(rt_system.o)
    0x000035e6   0x000035e6   0x00000002   PAD
    0x000035e8   0x000035e8   0x0000008c   Code   RO           96    i.rd_id_man         glcd_spi_lpc1700.o
    0x00003674   0x00003674   0x00000048   Code   RO           97    i.rd_reg            glcd_spi_lpc1700.o
    0x000036bc   0x000036bc   0x0000001a   Code   RO         2347    i.rt_alloc_box      RTX_CM3.lib(rt_membox.o)
    0x000036d6   0x000036d6   0x0000003e   Code   RO         2375    i.rt_alloc_mem      RTX_CM3.lib(rt_memory.o)
    0x00003714   0x00003714   0x00000038   Code   RO         1895    i.rt_block          RTX_CM3.lib(rt_task.o)
    0x0000374c   0x0000374c   0x00000048   Code   RO         2447    i.rt_chk_robin      RTX_CM3.lib(rt_robin.o)
    0x00003794   0x00003794   0x00000070   Code   RO         2116    i.rt_dec_dly        RTX_CM3.lib(rt_list.o)
    0x00003804   0x00003804   0x00000044   Code   RO         1896    i.rt_dispatch       RTX_CM3.lib(rt_task.o)
    0x00003848   0x00003848   0x00000050   Code   RO         2073    i.rt_evt_psh        RTX_CM3.lib(rt_event.o)
    0x00003898   0x00003898   0x0000002c   Code   RO         2348    i.rt_free_box       RTX_CM3.lib(rt_membox.o)
    0x000038c4   0x000038c4   0x00000028   Code   RO         2376    i.rt_free_mem       RTX_CM3.lib(rt_memory.o)
    0x000038ec   0x000038ec   0x00000028   Code   RO         2117    i.rt_get_first      RTX_CM3.lib(rt_list.o)
    0x00003914   0x00003914   0x00000008   Code   RO         1323    i.rt_id2obj         RTX_CM3.lib(rt_cmsis.o)
    0x0000391c   0x0000391c   0x00000048   Code   RO         1897    i.rt_init_context   RTX_CM3.lib(rt_task.o)
    0x00003964   0x00003964   0x0000001a   Code   RO         2377    i.rt_init_mem       RTX_CM3.lib(rt_memory.o)
    0x0000397e   0x0000397e   0x00000002   PAD
    0x00003980   0x00003980   0x00000018   Code   RO         2448    i.rt_init_robin     RTX_CM3.lib(rt_robin.o)
    0x00003998   0x00003998   0x00000080   Code   RO         2402    i.rt_init_stack     RTX_CM3.lib(hal_cm.o)
    0x00003a18   0x00003a18   0x00000008   Code   RO         2194    i.rt_mbx_check      RTX_CM3.lib(rt_mailbox.o)
    0x00003a20   0x00003a20   0x0000001a   Code   RO         2195    i.rt_mbx_init       RTX_CM3.lib(rt_mailbox.o)
    0x00003a3a   0x00003a3a   0x00000002   PAD
    0x00003a3c   0x00003a3c   0x000000f0   Code   RO         2196    i.rt_mbx_psh        RTX_CM3.lib(rt_mailbox.o)
    0x00003b2c   0x00003b2c   0x000000b4   Code   RO         2198    i.rt_mbx_wait       RTX_CM3.lib(rt_mailbox.o)
    0x00003be0   0x00003be0   0x00000044   Code   RO         1324    i.rt_ms2tick        RTX_CM3.lib(rt_cmsis.o)
    0x00003c24   0x00003c24   0x0000007c   Code   RO         1984    i.rt_pop_req        RTX_CM3.lib(rt_system.o)
    0x00003ca0   0x00003ca0   0x00000020   Code   RO         1985    i.rt_psh_req        RTX_CM3.lib(rt_system.o)
    0x00003cc0   0x00003cc0   0x0000005c   Code   RO         2119    i.rt_psq_enq        RTX_CM3.lib(rt_list.o)
    0x00003d1c   0x00003d1c   0x00000048   Code   RO         2120    i.rt_put_dly        RTX_CM3.lib(rt_list.o)
    0x00003d64   0x00003d64   0x00000036   Code   RO         2121    i.rt_put_prio       RTX_CM3.lib(rt_list.o)
    0x00003d9a   0x00003d9a   0x00000002   PAD
    0x00003d9c   0x00003d9c   0x00000014   Code   RO         2122    i.rt_put_rdy_first  RTX_CM3.lib(rt_list.o)
    0x00003db0   0x00003db0   0x00000034   Code   RO         2123    i.rt_resort_prio    RTX_CM3.lib(rt_list.o)
    0x00003de4   0x00003de4   0x00000006   Code   RO         2403    i.rt_ret_val        RTX_CM3.lib(hal_cm.o)
    0x00003dea   0x00003dea   0x00000008   Code   RO         2404    i.rt_ret_val2       RTX_CM3.lib(hal_cm.o)
    0x00003df2   0x00003df2   0x00000028   Code   RO         2124    i.rt_rmv_dly        RTX_CM3.lib(rt_list.o)
    0x00003e1a   0x00003e1a   0x00000002   PAD
    0x00003e1c   0x00003e1c   0x00000030   Code   RO         2125    i.rt_rmv_list       RTX_CM3.lib(rt_list.o)
    0x00003e4c   0x00003e4c   0x00000034   Code   RO         2243    i.rt_sem_psh        RTX_CM3.lib(rt_semaphore.o)
    0x00003e80   0x00003e80   0x00000024   Code   RO         1987    i.rt_stk_check      RTX_CM3.lib(rt_system.o)
    0x00003ea4   0x00003ea4   0x00000028   Code   RO         1898    i.rt_switch_req     RTX_CM3.lib(rt_task.o)
    0x00003ecc   0x00003ecc   0x000000cc   Code   RO         1899    i.rt_sys_init       RTX_CM3.lib(rt_task.o)
    0x00003f98   0x00003f98   0x00000078   Code   RO         1900    i.rt_sys_start      RTX_CM3.lib(rt_task.o)
    0x00004010   0x00004010   0x00000040   Code   RO         1989    i.rt_systick        RTX_CM3.lib(rt_system.o)
    0x00004050   0x00004050   0x00000012   Code   RO         1325    i.rt_tid2ptcb       RTX_CM3.lib(rt_cmsis.o)
    0x00004062   0x00004062   0x00000002   PAD
    0x00004064   0x00004064   0x00000034   Code   RO         1326    i.rt_timer_insert   RTX_CM3.lib(rt_cmsis.o)
    0x00004098   0x00004098   0x00000088   Code   RO         1901    i.rt_tsk_create     RTX_CM3.lib(rt_task.o)
    0x00004120   0x00004120   0x0000017c   Code   RO         1902    i.rt_tsk_delete     RTX_CM3.lib(rt_task.o)
    0x0000429c   0x0000429c   0x0000007c   Code   RO         1904    i.rt_tsk_prio       RTX_CM3.lib(rt_task.o)
    0x00004318   0x00004318   0x00000010   Code   RO         1905    i.rt_tsk_self       RTX_CM3.lib(rt_task.o)
    0x00004328   0x00004328   0x00000058   Code   RO          914    i.setup_Timer       gamemain.o
    0x00004380   0x00004380   0x00000064   Code   RO          915    i.spawn_notes       gamemain.o
    0x000043e4   0x000043e4   0x00000020   Code   RO           98    i.spi_tran          glcd_spi_lpc1700.o
    0x00004404   0x00004404   0x00000080   Code   RO           99    i.spi_tran_man      glcd_spi_lpc1700.o
    0x00004484   0x00004484   0x00000070   Code   RO         1329    i.svcKernelInitialize  RTX_CM3.lib(rt_cmsis.o)
    0x000044f4   0x000044f4   0x00000048   Code   RO         1331    i.svcKernelStart    RTX_CM3.lib(rt_cmsis.o)
    0x0000453c   0x0000453c   0x00000024   Code   RO         1334    i.svcMessageCreate  RTX_CM3.lib(rt_cmsis.o)
    0x00004560   0x00004560   0x0000003a   Code   RO         1335    i.svcMessageGet     RTX_CM3.lib(rt_cmsis.o)
    0x0000459a   0x0000459a   0x00000002   PAD
    0x0000459c   0x0000459c   0x0000006c   Code   RO         1349    i.svcThreadCreate   RTX_CM3.lib(rt_cmsis.o)
    0x00004608   0x00004608   0x0000001c   Code   RO         1350    i.svcThreadGetId    RTX_CM3.lib(rt_cmsis.o)
    0x00004624   0x00004624   0x00000038   Code   RO         1353    i.svcThreadTerminate  RTX_CM3.lib(rt_cmsis.o)
    0x0000465c   0x0000465c   0x00000018   Code   RO         1355    i.svcTimerCall      RTX_CM3.lib(rt_cmsis.o)
    0x00004674   0x00004674   0x0000005c   Code   RO         1364    i.sysTimerTick      RTX_CM3.lib(rt_cmsis.o)
    0x000046d0   0x000046d0   0x00000028   Code   RO          100    i.wr_cmd            glcd_spi_lpc1700.o
    0x000046f8   0x000046f8   0x00000028   Code   RO          101    i.wr_dat            glcd_spi_lpc1700.o
    0x00004720   0x00004720   0x00000012   Code   RO          102    i.wr_dat_only       glcd_spi_lpc1700.o
    0x00004732   0x00004732   0x00000002   PAD
    0x00004734   0x00004734   0x00000014   Code   RO          103    i.wr_dat_start      glcd_spi_lpc1700.o
    0x00004748   0x00004748   0x0000000c   Code   RO          104    i.wr_dat_stop       glcd_spi_lpc1700.o
    0x00004754   0x00004754   0x00000014   Code   RO          105    i.wr_reg            glcd_spi_lpc1700.o
    0x00004768   0x00004768   0x00001880   Data   RO          106    .constdata          glcd_spi_lpc1700.o
    0x00005fe8   0x00005fe8   0x0003170c   Data   RO          273    .constdata          display_part12.o
    0x000376f4   0x000376f4   0x000000e4   Data   RO          496    .constdata          usbdesc.o
    0x000377d8   0x000377d8   0x00000010   Data   RO          577    .constdata          usbhw.o
    0x000377e8   0x000377e8   0x00000040   Data   RO          771    .constdata          usbuser.o
    0x00037828   0x00037828   0x00006fc4   Data   RO          917    .constdata          gamemain.o
    0x0003e7ec   0x0003e7ec   0x0000000a   Data   RO         1011    .constdata          joystick_mcb1700.o
    0x0003e7f6   0x0003e7f6   0x00000010   Data   RO         1052    .constdata          led_mcb1700.o
    0x0003e806   0x0003e806   0x00000002   PAD
    0x0003e808   0x0003e808   0x00000068   Data   RO         1103    .constdata          rtx_conf_cm.o
    0x0003e870   0x0003e870   0x00000030   Data   RO         2794    Region$$Table       anon$$obj.o


    Execution Region RW_IRAM1 (Exec base: 0x10000000, Load base: 0x0003e8a0, Size: 0x000008a8, Max: 0x00008000, ABSOLUTE)

    Exec Addr    Load Addr    Size         Type   Attr      Idx    E Section Name        Object

    0x10000000        -       0x000008a8   Zero   RW         1102    .bss                rtx_conf_cm.o


    Execution Region RW_IRAM2 (Exec base: 0x2007c000, Load base: 0x0003e8a0, Size: 0x00000698, Max: 0x00008000, ABSOLUTE)

    Exec Addr    Load Addr    Size         Type   Attr      Idx    E Section Name        Object

    0x2007c000   0x0003e8a0   0x00000005   Data   RW          107    .data               glcd_spi_lpc1700.o
    0x2007c005   0x0003e8a5   0x00000003   PAD
    0x2007c008   0x0003e8a8   0x00000028   Data   RW          392    .data               usbcore.o
    0x2007c030   0x0003e8d0   0x0000002c   Data   RW          512    .data               usbdmain.o
    0x2007c05c   0x0003e8fc   0x00000008   Data   RW          578    .data               usbhw.o
    0x2007c064   0x0003e904   0x00000002   Data   RW          873    .data               adcuser.o
    0x2007c066   0x0003e906   0x00000002   PAD
    0x2007c068   0x0003e908   0x00000010   Data   RW          918    .data               gamemain.o
    0x2007c078   0x0003e918   0x00000010   Data   RW         1104    .data               rtx_conf_cm.o
    0x2007c088   0x0003e928   0x00000004   Data   RW         1239    .data               system_lpc17xx.o
    0x2007c08c   0x0003e92c   0x00000008   Data   RW         1367    .data               RTX_CM3.lib(rt_cmsis.o)
    0x2007c094   0x0003e934   0x00000008   Data   RW         1907    .data               RTX_CM3.lib(rt_task.o)
    0x2007c09c   0x0003e93c   0x00000008   Data   RW         1992    .data               RTX_CM3.lib(rt_system.o)
    0x2007c0a4   0x0003e944   0x00000004   Data   RW         2286    .data               RTX_CM3.lib(rt_time.o)
    0x2007c0a8   0x0003e948   0x00000001   Data   RW         2405    .data               RTX_CM3.lib(hal_cm.o)
    0x2007c0a9   0x0003e949   0x00000003   PAD
    0x2007c0ac   0x0003e94c   0x00000008   Data   RW         2449    .data               RTX_CM3.lib(rt_robin.o)
    0x2007c0b4   0x0003e954   0x00000004   Data   RW         2487    .data               mc_w.l(rand.o)
    0x2007c0b8        -       0x00000040   Zero   RW          391    .bss                usbcore.o
    0x2007c0f8        -       0x0000000f   Zero   RW          511    .bss                usbdmain.o
    0x2007c107   0x0003e958   0x00000001   PAD
    0x2007c108        -       0x00000080   Zero   RW          576    .bss                usbhw.o
    0x2007c188        -       0x0000008c   Zero   RW          916    .bss                gamemain.o
    0x2007c214        -       0x00000034   Zero   RW         1906    .bss                RTX_CM3.lib(rt_task.o)
    0x2007c248        -       0x00000030   Zero   RW         2126    .bss                RTX_CM3.lib(rt_list.o)
    0x2007c278        -       0x00000200   Zero   RW         1224    STACK               startup_lpc17xx.o
    0x2007c478        -       0x00000220   Zero   RW          579    USB_RAM             usbhw.o


==============================================================================

Image component sizes


      Code (inc. data)   RO Data    RW Data    ZI Data      Debug   Object Name

       248         32          0          2          0       2282   adcuser.o
      1202        402     202508          0          0      26295   display_part12.o
      1440        412      28612         16        140      11542   gamemain.o
      2674         94       6272          5          0      13355   glcd_spi_lpc1700.o
       172         18          0          0          0       2442   gpio_lpc17xx.o
       164          8         10          0          0       2218   joystick_mcb1700.o
       180         12         16          0          0       2708   led_mcb1700.o
        18          0          0          0          0       5851   main.o
       252          6          0          0          0        844   pin_lpc17xx.o
        62          6        104         16       2216       7544   rtx_conf_cm.o
        40         12        204          0        512        948   startup_lpc17xx.o
       744         34          0          4          0       1287   system_lpc17xx.o
      2410        264          0         40         64       9843   usbcore.o
         0          0        228          0          0        597   usbdesc.o
       672        112          0         44         15       7691   usbdmain.o
      2076        230         16          8        672      18188   usbhw.o
       194         20         64          0          0       1809   usbuser.o

    ----------------------------------------------------------------------
     12560       1662     238084        140       3620     115444   Object Totals
         0          0         48          0          0          0   (incl. Generated)
        12          0          2          5          1          0   (incl. Padding)

    ----------------------------------------------------------------------

      Code (inc. data)   RO Data    RW Data    ZI Data      Debug   Library Member Name

       238         24          0          1          0       3244   hal_cm.o
       304         36          0          0          0        756   hal_cm3.o
      1110        138          0          8          0      32233   rt_cmsis.o
        80          4          0          0          0        649   rt_event.o
       530         34          0          0         48       8157   rt_list.o
       554         10          0          0          0       3889   rt_mailbox.o
       140          0          0          0          0       1889   rt_membox.o
       128          0          0          0          0       2267   rt_memory.o
        96         22          0          8          0       1134   rt_robin.o
        52          4          0          0          0        565   rt_semaphore.o
       298         52          0          8          0       6139   rt_system.o
      1216        174          0          8         52       9537   rt_task.o
         0          0          0          4          0        206   rt_time.o
         4          4          0          0          0        196   svc_table.o
         0          0          0          0          0          0   entry.o
         0          0          0          0          0          0   entry10a.o
         0          0          0          0          0          0   entry11a.o
         8          4          0          0          0          0   entry2.o
         4          0          0          0          0          0   entry5.o
         0          0          0          0          0          0   entry7b.o
         0          0          0          0          0          0   entry8b.o
        30          0          0          0          0          0   handlers.o
        36          8          0          0          0         68   init.o
        30          0          0          0          0         68   llshl.o
        32          0          0          0          0         68   llushr.o
        36          0          0          0          0         68   memcpya.o
       390         10          0          0          0        252   printf1.o
        36         10          0          4          0        136   rand.o
        44          0          0          0          0         80   uidiv.o
        98          0          0          0          0         92   uldiv.o

    ----------------------------------------------------------------------
      5516        534          0         44        100      71693   Library Totals
        22          0          0          3          0          0   (incl. Padding)

    ----------------------------------------------------------------------

      Code (inc. data)   RO Data    RW Data    ZI Data      Debug   Library Name

      4750        502          0         37        100      70861   RTX_CM3.lib
       744         32          0          4          0        832   mc_w.l

    ----------------------------------------------------------------------
      5516        534          0         44        100      71693   Library Totals

    ----------------------------------------------------------------------

==============================================================================


      Code (inc. data)   RO Data    RW Data    ZI Data      Debug   

     18076       2196     238084        184       3720     178293   Grand Totals
     18076       2196     238084        184       3720     178293   ELF Image Totals
     18076       2196     238084        184          0          0   ROM Totals

==============================================================================

    Total RO  Size (Code + RO Data)               256160 ( 250.16kB)
    Total RW  Size (RW Data + ZI Data)              3904 (   3.81kB)
    Total ROM Size (Code + RO Data + RW Data)     256344 ( 250.34kB)

==============================================================================

