<html>
<body>
<pre>
<h1>µVision Build Log</h1>
<h2>Tool Versions:</h2>
IDE-Version: µVision V5.31.0.0
Copyright (C) 2020 ARM Ltd and ARM Germany GmbH. All rights reserved.
License Information: ECBME Dept. Ryerson University Flex license: MDK Professional 5.31 (Flex): 200 user(s) (mdk_pro) Operation stops: 4 Jul 2027
 
Tool Versions:
Toolchain:       MDK Professional 5.31 (Flex): 200 user(s)  Version: 5.31.0.0
Toolchain Path:  C:\Keil_v5\ARM\ARMCC\Bin
C Compiler:      Armcc.exe V5.06 update 6 (build 750)
Assembler:       Armasm.exe V5.06 update 6 (build 750)
Linker/Locator:  ArmLink.exe V5.06 update 6 (build 750)
Library Manager: ArmAr.exe V5.06 update 6 (build 750)
Hex Converter:   FromElf.exe V5.06 update 6 (build 750)
CPU DLL:         SARMCM3.DLL V5.31.0.0
Dialog DLL:      DARMP1.DLL V1.27.0.0
Target DLL:      UL2CM3.DLL V1.163.4.0
Dialog DLL:      TARMP1.DLL V1.26.0.0
 
<h2>Project:</h2>
S:\COE718\Project\MediaCenter.uvprojx
Project File Date:  11/26/2024

<h2>Output:</h2>
*** Using Compiler 'V5.06 update 6 (build 750)', folder: 'C:\Keil_v5\ARM\ARMCC\Bin'
Rebuild target 'Target 1'
compiling main.c...
Display_Part12.h(4): warning:  #1295-D: Deprecated declaration Main_Menu - give arg types
  void Main_Menu();
Display_Part12.h(5): warning:  #1295-D: Deprecated declaration Imagedisplay - give arg types
  void Imagedisplay();
Display_Part12.h(6): warning:  #1295-D: Deprecated declaration MP3_Player - give arg types
  void MP3_Player();
Display_Part12.h(7): warning:  #1295-D: Deprecated declaration Game - give arg types
  void Game();
Display_Part12.h(8): warning:  #1-D: last line of file ends without a newline
  #endif
main.c: 5 warnings, 0 errors
compiling GLCD_SPI_LPC1700.c...
compiling Display_Part12.c...
Display_Part12.h(4): warning:  #1295-D: Deprecated declaration Main_Menu - give arg types
  void Main_Menu();
Display_Part12.h(5): warning:  #1295-D: Deprecated declaration Imagedisplay - give arg types
  void Imagedisplay();
Display_Part12.h(6): warning:  #1295-D: Deprecated declaration MP3_Player - give arg types
  void MP3_Player();
Display_Part12.h(7): warning:  #1295-D: Deprecated declaration Game - give arg types
  void Game();
Display_Part12.h(8): warning:  #1-D: last line of file ends without a newline
  #endif
usbdmain.h(38): warning:  #1-D: last line of file ends without a newline
  #endif /* USBMAIN_H */
gamemain.h(5): warning:  #1295-D: Deprecated declaration delay - give arg types
        void delay();
gamemain.h(6): warning:  #1295-D: Deprecated declaration GameMain - give arg types
        void GameMain();
gamemain.h(7): warning:  #1295-D: Deprecated declaration init_game - give arg types
        void init_game();
gamemain.h(8): warning:  #1295-D: Deprecated declaration create_background - give arg types
        void create_background ();
Display_Part12.c(186): warning:  #1-D: last line of file ends without a newline
  }
Display_Part12.c: 11 warnings, 0 errors
compiling Kuru0.c...
Kuru0.c(7): warning:  #177-D: variable "KURU0_pixel_data"  was declared but never referenced
  static const unsigned char KURU0_pixel_data[140 * 140 * 2 + 1] =
Kuru0.c: 1 warning, 0 errors
compiling usbcore.c...
compiling usbdesc.c...
compiling usbdmain.c...
usbdmain.c(124): warning:  #167-D: argument of type "char *" is incompatible with parameter of type "unsigned char *"
                GLCD_DisplayString(6,0,1,text);
usbdmain.c: 1 warning, 0 errors
compiling usbhw.c...
compiling usbuser.c...
compiling adcuser.c...
compiling gamemain.c...
gamemain.h(5): warning:  #1295-D: Deprecated declaration delay - give arg types
        void delay();
gamemain.h(6): warning:  #1295-D: Deprecated declaration GameMain - give arg types
        void GameMain();
gamemain.h(7): warning:  #1295-D: Deprecated declaration init_game - give arg types
        void init_game();
gamemain.h(8): warning:  #1295-D: Deprecated declaration create_background - give arg types
        void create_background ();
Up.c(174): warning:  #1-D: last line of file ends without a newline
   "R\276\367");
Down.c(158): warning:  #1-D: last line of file ends without a newline
   "\000\000\000\000\000\000\000\000\000\000\000\000\000\000\000\000\000\000\000\000(B\276\367");
gamemain.c(85): warning:  #167-D: argument of type "char *" is incompatible with parameter of type "unsigned char *"
        GLCD_DisplayString(2, 0, 1, text1);
gamemain.c: 7 warnings, 0 errors
compiling Notes.c...
Notes.c(9): warning:  #177-D: variable "NOTES_pixel_data"  was declared but never referenced
  static const unsigned char NOTES_pixel_data[130 * 65 * 2 + 1] =
Notes.c: 1 warning, 0 errors
compiling Up.c...
Up.c(174): warning:  #1-D: last line of file ends without a newline
   "R\276\367");
Up.c(7): warning:  #177-D: variable "NOTESBAR_pixel_data"  was declared but never referenced
  static const unsigned char NOTESBAR_pixel_data[30 * 65 * 2 + 1] =
Up.c: 2 warnings, 0 errors
compiling Joystick_MCB1700.c...
compiling LED_MCB1700.c...
compiling RTX_Conf_CM.c...
compiling GPIO_LPC17xx.c...
compiling PIN_LPC17xx.c...
assembling startup_LPC17xx.s...
compiling system_LPC17xx.c...
linking...
Program Size: Code=18076 RO-data=238084 RW-data=184 ZI-data=3720  
".\Objects\MediaCenter.axf" - 0 Error(s), 28 Warning(s).

<h2>Software Packages used:</h2>

Package Vendor: ARM
                http://www.keil.com/pack/ARM.CMSIS.5.7.0.pack
                ARM.CMSIS.5.7.0
                CMSIS (Cortex Microcontroller Software Interface Standard)
   * Component: RTOS Version: 1.0.0
   * Component: CORE Version: 5.4.0
   * Component: Keil RTX Version: 4.82.0

Package Vendor: Keil
                http://www.keil.com/pack/Keil.LPC1700_DFP.2.6.0.pack
                Keil.LPC1700_DFP.2.6.0
                NXP LPC1700 Series Device Support, Drivers and Examples for MCB1700 and LPC1788-32
   * Component: Joystick Version: 1.0.0
   * Component: LED Version: 1.0.0
   * Component: GPIO Version: 1.1.0
   * Component: PIN Version: 1.0.0
   * Component: Startup Version: 1.0.0

Package Vendor: Keil
                http://www.keil.com/pack/Keil.MDK-Middleware.7.12.0.pack
                Keil.MDK-Middleware.7.12.0
                Middleware for Keil MDK-Professional and MDK-Plus
   * Component: Joystick Version: 1.0.0
   * Component: LED Version: 1.0.0

<h2>Collection of Component include folders:</h2>
  .\RTE\Device\LPC1768
  .\RTE\_Target_1
  C:\Users\ECBME\AppData\Local\Arm\Packs\ARM\CMSIS\5.7.0\CMSIS\Core\Include
  C:\Users\ECBME\AppData\Local\Arm\Packs\ARM\CMSIS\5.7.0\CMSIS\RTOS\RTX\INC
  C:\Users\ECBME\AppData\Local\Arm\Packs\Keil\LPC1700_DFP\2.6.0\Device\Include
  C:\Users\ECBME\AppData\Local\Arm\Packs\Keil\LPC1700_DFP\2.6.0\RTE_Driver
  C:\Users\ECBME\AppData\Local\Arm\Packs\Keil\MDK-Middleware\7.12.0\Board

<h2>Collection of Component Files used:</h2>

   * Component: ::Board Support:Joystick:1.0.0 (API)
      Include file:  Board\Board_Joystick.h

   * Component: ::Board Support:LED:1.0.0 (API)
      Include file:  Board\Board_LED.h

   * Component: ::CMSIS:RTOS:1.0.0 (API)

   * Component: ARM::CMSIS:CORE:5.4.0

   * Component: ARM::CMSIS:RTOS:Keil RTX:4.82.0
      Include file:  CMSIS\RTOS\RTX\UserCodeTemplates\osObjects.h
      Source file:   CMSIS\RTOS\RTX\UserCodeTemplates\MsgQueue.c
      Source file:   CMSIS\RTOS\RTX\UserCodeTemplates\Mutex.c
      Source file:   CMSIS\RTOS\RTX\SRC\ARM\SVC_Table.s
      Include file:  CMSIS\RTOS\RTX\INC\cmsis_os.h
      Source file:   CMSIS\RTOS\RTX\UserCodeTemplates\Timer.c
      Source file:   CMSIS\RTOS\RTX\UserCodeTemplates\MailQueue.c
      Source file:   CMSIS\RTOS\RTX\UserCodeTemplates\MemPool.c
      Source file:   CMSIS\RTOS\RTX\UserCodeTemplates\Thread.c
      Source file:   CMSIS\RTOS\RTX\Templates\RTX_Conf_CM.c
      Source file:   CMSIS\RTOS\RTX\UserCodeTemplates\main.c
      Library file:  CMSIS\RTOS\RTX\LIB\ARM\RTX_CM3.lib
      Source file:   CMSIS\RTOS\RTX\UserCodeTemplates\Semaphore.c

   * Component: Keil.MCB1700::Board Support:Joystick:1.0.0
      Source file:   Boards\Keil\MCB1700\Common\Joystick_MCB1700.c

   * Component: Keil.MCB1700::Board Support:LED:1.0.0
      Source file:   Boards\Keil\MCB1700\Common\LED_MCB1700.c

   * Component: Keil::Device:GPIO:1.1.0
      Include file:  RTE_Driver\GPIO_LPC17xx.h
      Source file:   RTE_Driver\GPIO_LPC17xx.c

   * Component: Keil::Device:PIN:1.0.0
      Source file:   RTE_Driver\PIN_LPC17xx.c
      Include file:  RTE_Driver\PIN_LPC17xx.h

   * Component: Keil::Device:Startup:1.0.0
      Include file:  Device\Include\LPC17xx.h
      Source file:   Device\Source\ARM\startup_LPC17xx.s
      Include file:  RTE_Driver\Config\RTE_Device.h
      Source file:   Device\Source\system_LPC17xx.c
Build Time Elapsed:  00:00:14
</pre>
</body>
</html>
